<html>
<body>
<pre>
<h1>µVision Build Log</h1>
<h2>Tool Versions:</h2>
IDE-Version: µVision V5.21.1.0
Copyright (C) 2016 ARM Ltd and ARM Germany GmbH. All rights reserved.
License Information: Varun Mishra Dartmouth College Flex license: MDK-ARM Professional: 5 user(s) (mdk_pro) Operation stops: 27 Sep 2017
 
Tool Versions:
Toolchain:       MDK-ARM Professional: 5 user(s)  Version: 5.21a
Toolchain Path:  C:\Keil_v5\ARM\ARMCC\Bin
C Compiler:      Armcc.exe V5.06 update 3 (build 300)
Assembler:       Armasm.exe V5.06 update 3 (build 300)
Linker/Locator:  ArmLink.exe V5.06 update 3 (build 300)
Library Manager: ArmAr.exe V5.06 update 3 (build 300)
Hex Converter:   FromElf.exe V5.06 update 3 (build 300)
CPU DLL:         
Dialog DLL:      
Target DLL:      Segger\JL2CM3.dll V2.99.23.0
Dialog DLL:      TARMCM1.DLL V1.10.0.0
 
<h2>Project:</h2>
C:\Users\varun\Desktop\nRF5_SDK_12.1.0_0d23e2a\examples\ble_central_and_peripheral\experimental\ble_app_multirole_lesc\pca10028\s130\arm5_no_packs\ble_app_multirole_lesc_pca10028_s130.uvprojx
Project File Date:  11/03/2016

<h2>Output:</h2>
*** Using Compiler 'V5.06 update 3 (build 300)', folder: 'C:\Keil_v5\ARM\ARMCC\Bin'
Rebuild target 'nrf51422_xxac'
compiling main.c...
..\..\..\main.c(505): warning:  #177-D: function "custom_c_1_evt_handler" was declared but never referenced
  static void custom_c_1_evt_handler(ble_custom_c_t * p_custom_c, ble_custom_c_evt_t * p_custom_c_evt, int ble_num)
..\..\..\main.c: 1 warning, 0 errors
compiling bsp.c...
compiling bsp_btn_ble.c...
compiling ble_advdata.c...
compiling ble_advertising.c...
compiling ble_conn_params.c...
compiling ble_conn_state.c...
compiling ble_db_discovery.c...
compiling ble_srv_common.c...
compiling gatt_cache_manager.c...
compiling gatts_cache_manager.c...
compiling id_manager.c...
compiling peer_data.c...
compiling peer_data_storage.c...
compiling peer_database.c...
compiling peer_id.c...
compiling peer_manager.c...
compiling pm_buffer.c...
compiling pm_mutex.c...
compiling security_dispatcher.c...
compiling security_manager.c...
compiling ble_hrs.c...
compiling ble_hrs_c.c...
compiling ble_rscs.c...
compiling ble_rscs_c.c...
compiling ble_custom_c.c...
compiling nrf_drv_clock.c...
compiling nrf_drv_common.c...
compiling nrf_drv_gpiote.c...
compiling nrf_drv_rng.c...
compiling nrf_drv_uart.c...
compiling app_button.c...
compiling app_error.c...
compiling app_error_weak.c...
compiling app_fifo.c...
compiling app_timer.c...
compiling app_util_platform.c...
compiling crc16.c...
compiling ecc.c...
compiling fds.c...
compiling fstorage.c...
compiling hardfault_implementation.c...
compiling nrf_assert.c...
compiling sdk_mapped_flags.c...
compiling nrf_log_backend_serial.c...
compiling nrf_log_frontend.c...
compiling RTT_Syscalls_KEIL.c...
compiling SEGGER_RTT.c...
compiling SEGGER_RTT_printf.c...
compiling softdevice_handler.c...
assembling arm_startup_nrf51.s...
compiling system_nrf51.c...
linking...
Program Size: Code=41760 RO-data=2032 RW-data=428 ZI-data=10820  
FromELF: creating hex file...
".\_build\nrf51422_xxac.axf" - 0 Error(s), 1 Warning(s).

<h2>Software Packages used:</h2>

Package Vendor: ARM
                http://www.keil.com/pack/ARM.CMSIS.4.5.0.pack
                ARM::CMSIS:CORE:4.3.0
                CMSIS (Cortex Microcontroller Software Interface Standard)
   * Component: CORE Version: 4.3.0

Package Vendor: NordicSemiconductor
                http://developer.nordicsemi.com/nRF5_SDK/pieces/nRF_DeviceFamilyPack/NordicSemiconductor.nRF_DeviceFamilyPack.8.9.0.pack
                NordicSemiconductor::Device:Startup:8.9.0
                Nordic Semiconductor nRF ARM devices Device Family Pack.
   * Component: Startup Version: 8.9.0

<h2>Collection of Component include folders:</h2>
  C:\Users\varun\Desktop\nRF5_SDK_12.1.0_0d23e2a\examples\ble_central_and_peripheral\experimental\ble_app_multirole_lesc\pca10028\s130\arm5_no_packs\RTE
  C:\Keil_v5\ARM\PACK\ARM\CMSIS\4.5.0\CMSIS\Include
  C:\Keil_v5\ARM\PACK\NordicSemiconductor\nRF_DeviceFamilyPack\8.9.0\Device\Include

<h2>Collection of Component Files used:</h2>

   * Component: ARM::CMSIS:CORE:4.3.0

   * Component: NordicSemiconductor::Device:Startup:8.9.0
      Source file:   Device\Source\arm\arm_startup_nrf51.s
      Source file:   Device\Source\system_nrf51.c
      Include file:  Device\Include\system_nrf51.h
Build Time Elapsed:  00:00:18
</pre>
</body>
</html>
