Component: ARM Compiler 5.06 update 3 (build 300) Tool: armlink [4d35c9]

==============================================================================

Section Cross References

    main.o(i.adv_scan_start) refers to fstorage.o(i.fs_queued_op_count_get) for fs_queued_op_count_get
    main.o(i.adv_scan_start) refers to app_error.o(i.app_error_handler_bare) for app_error_handler_bare
    main.o(i.adv_scan_start) refers to main.o(i.scan_start) for scan_start
    main.o(i.adv_scan_start) refers to ble_advertising.o(i.ble_advertising_start) for ble_advertising_start
    main.o(i.adv_scan_start) refers to nrf_log_frontend.o(i.nrf_log_frontend_std_0) for nrf_log_frontend_std_0
    main.o(i.assert_nrf_callback) refers to app_error.o(i.app_error_handler) for app_error_handler
    main.o(i.ble_evt_dispatch) refers to ble_conn_state.o(i.ble_conn_state_on_ble_evt) for ble_conn_state_on_ble_evt
    main.o(i.ble_evt_dispatch) refers to peer_manager.o(i.pm_on_ble_evt) for pm_on_ble_evt
    main.o(i.ble_evt_dispatch) refers to ble_conn_state.o(i.ble_conn_state_role) for ble_conn_state_role
    main.o(i.ble_evt_dispatch) refers to main.o(i.on_ble_evt) for on_ble_evt
    main.o(i.ble_evt_dispatch) refers to main.o(i.on_ble_peripheral_evt) for on_ble_peripheral_evt
    main.o(i.ble_evt_dispatch) refers to ble_advertising.o(i.ble_advertising_on_ble_evt) for ble_advertising_on_ble_evt
    main.o(i.ble_evt_dispatch) refers to ble_conn_params.o(i.ble_conn_params_on_ble_evt) for ble_conn_params_on_ble_evt
    main.o(i.ble_evt_dispatch) refers to ble_hrs.o(i.ble_hrs_on_ble_evt) for ble_hrs_on_ble_evt
    main.o(i.ble_evt_dispatch) refers to main.o(i.on_ble_central_evt) for on_ble_central_evt
    main.o(i.ble_evt_dispatch) refers to ble_db_discovery.o(i.ble_db_discovery_on_ble_evt) for ble_db_discovery_on_ble_evt
    main.o(i.ble_evt_dispatch) refers to ble_hrs_c.o(i.ble_hrs_c_on_ble_evt) for ble_hrs_c_on_ble_evt
    main.o(i.ble_evt_dispatch) refers to ble_custom_c.o(i.ble_custom_c_on_ble_evt) for ble_custom_c_on_ble_evt
    main.o(i.ble_evt_dispatch) refers to main.o(.bss) for .bss
    main.o(i.ble_stack_init) refers to softdevice_handler.o(i.softdevice_handler_init) for softdevice_handler_init
    main.o(i.ble_stack_init) refers to app_error.o(i.app_error_handler_bare) for app_error_handler_bare
    main.o(i.ble_stack_init) refers to softdevice_handler.o(i.softdevice_enable_get_default_config) for softdevice_enable_get_default_config
    main.o(i.ble_stack_init) refers to softdevice_handler.o(i.softdevice_enable) for softdevice_enable
    main.o(i.ble_stack_init) refers to softdevice_handler.o(i.softdevice_ble_evt_handler_set) for softdevice_ble_evt_handler_set
    main.o(i.ble_stack_init) refers to softdevice_handler.o(i.softdevice_sys_evt_handler_set) for softdevice_sys_evt_handler_set
    main.o(i.ble_stack_init) refers to main.o(.constdata) for .constdata
    main.o(i.ble_stack_init) refers to main.o(.bss) for .bss
    main.o(i.ble_stack_init) refers to main.o(i.ble_evt_dispatch) for ble_evt_dispatch
    main.o(i.ble_stack_init) refers to main.o(i.sys_evt_dispatch) for sys_evt_dispatch
    main.o(i.bsp_event_handler) refers to nrf_log_frontend.o(i.nrf_log_frontend_std_0) for nrf_log_frontend_std_0
    main.o(i.bsp_event_handler) refers to app_error.o(i.app_error_handler_bare) for app_error_handler_bare
    main.o(i.bsp_event_handler) refers to ble_hrs.o(i.ble_hrs_heart_rate_measurement_send) for ble_hrs_heart_rate_measurement_send
    main.o(i.bsp_event_handler) refers to main.o(.data) for .data
    main.o(i.bsp_event_handler) refers to main.o(.bss) for .bss
    main.o(i.conn_params_error_handler) refers to app_error.o(i.app_error_handler_bare) for app_error_handler_bare
    main.o(i.custom_c_evt_handler) refers to nrf_log_frontend.o(i.nrf_log_frontend_std_2) for nrf_log_frontend_std_2
    main.o(i.custom_c_evt_handler) refers to nrf_log_frontend.o(i.nrf_log_frontend_std_1) for nrf_log_frontend_std_1
    main.o(i.custom_c_evt_handler) refers to ble_custom_c.o(i.ble_custom_c_handles_assign) for ble_custom_c_handles_assign
    main.o(i.custom_c_evt_handler) refers to app_error.o(i.app_error_handler_bare) for app_error_handler_bare
    main.o(i.custom_c_evt_handler) refers to nrf_log_frontend.o(i.nrf_log_frontend_std_0) for nrf_log_frontend_std_0
    main.o(i.custom_c_evt_handler) refers to peer_manager.o(i.pm_conn_secure) for pm_conn_secure
    main.o(i.custom_c_evt_handler) refers to ble_custom_c.o(i.ble_custom_c_hrm_notif_enable) for ble_custom_c_hrm_notif_enable
    main.o(i.custom_c_evt_handler) refers to main.o(.data) for .data
    main.o(i.custom_c_evt_handler) refers to main.o(.conststring) for .conststring
    main.o(i.db_disc_handler) refers to ble_hrs_c.o(i.ble_hrs_on_db_disc_evt) for ble_hrs_on_db_disc_evt
    main.o(i.db_disc_handler) refers to ble_custom_c.o(i.ble_custom_on_db_disc_evt) for ble_custom_on_db_disc_evt
    main.o(i.db_disc_handler) refers to main.o(.bss) for .bss
[...]
    RTC1_IRQHandler                          0x0001c319   Thumb Code    28  app_timer.o(i.RTC1_IRQHandler)
    SEGGER_RTT_ConfigUpBuffer                0x0001c339   Thumb Code    70  segger_rtt.o(i.SEGGER_RTT_ConfigUpBuffer)
    SEGGER_RTT_WriteNoLock                   0x0001c385   Thumb Code    86  segger_rtt.o(i.SEGGER_RTT_WriteNoLock)
    SWI0_IRQHandler                          0x0001c3e1   Thumb Code     8  app_timer.o(i.SWI0_IRQHandler)
    SWI2_IRQHandler                          0x0001c3e9   Thumb Code    28  softdevice_handler.o(i.SWI2_IRQHandler)
    SystemInit                               0x0001c409   Thumb Code   130  system_nrf51.o(i.SystemInit)
    UART0_IRQHandler                         0x0001c4a9   Thumb Code    12  nrf_drv_uart.o(i.UART0_IRQHandler)
    __0sprintf$8                             0x0001c5dd   Thumb Code    36  printf8.o(i.__0sprintf$8)
    __1sprintf$8                             0x0001c5dd   Thumb Code     0  printf8.o(i.__0sprintf$8)
    __2sprintf                               0x0001c5dd   Thumb Code     0  printf8.o(i.__0sprintf$8)
    __ARM_common_switch8                     0x0001c605   Thumb Code    26  main.o(i.__ARM_common_switch8)
    __scatterload_copy                       0x0001c61f   Thumb Code    14  handlers.o(i.__scatterload_copy)
    __scatterload_null                       0x0001c62d   Thumb Code     2  handlers.o(i.__scatterload_null)
    __scatterload_zeroinit                   0x0001c62f   Thumb Code    14  handlers.o(i.__scatterload_zeroinit)
    addr_compare                             0x0001cad7   Thumb Code    40  id_manager.o(i.addr_compare)
    adv_data_encode                          0x0001caff   Thumb Code   398  ble_advdata.o(i.adv_data_encode)
    ah                                       0x0001cdbd   Thumb Code    78  id_manager.o(i.ah)
    app_button_enable                        0x0001ce25   Thumb Code    32  app_button.o(i.app_button_enable)
    app_button_init                          0x0001ce49   Thumb Code   100  app_button.o(i.app_button_init)
    app_error_fault_handler                  0x0001cebd   Thumb Code    40  app_error_weak.o(i.app_error_fault_handler)
    app_error_handler_bare                   0x0001cf05   Thumb Code    20  app_error.o(i.app_error_handler_bare)
    app_timer_create                         0x0001cf1d   Thumb Code    40  app_timer.o(i.app_timer_create)
    app_timer_init                           0x0001cf49   Thumb Code    98  app_timer.o(i.app_timer_init)
    app_timer_start                          0x0001cfbd   Thumb Code   128  app_timer.o(i.app_timer_start)
    app_timer_stop                           0x0001d045   Thumb Code    36  app_timer.o(i.app_timer_stop)
    app_util_critical_region_enter           0x0001d06d   Thumb Code    48  app_util_platform.o(i.app_util_critical_region_enter)
    app_util_critical_region_exit            0x0001d0a9   Thumb Code    36  app_util_platform.o(i.app_util_critical_region_exit)
    ble_advdata_set                          0x0001d175   Thumb Code   104  ble_advdata.o(i.ble_advdata_set)
    ble_advertising_init                     0x0001d1dd   Thumb Code   340  ble_advertising.o(i.ble_advertising_init)
    ble_advertising_on_ble_evt               0x0001d339   Thumb Code    82  ble_advertising.o(i.ble_advertising_on_ble_evt)
    ble_advertising_on_sys_evt               0x0001d391   Thumb Code    42  ble_advertising.o(i.ble_advertising_on_sys_evt)
    ble_advertising_start                    0x0001d3c1   Thumb Code   256  ble_advertising.o(i.ble_advertising_start)
    ble_conn_params_init                     0x0001d4c9   Thumb Code    68  ble_conn_params.o(i.ble_conn_params_init)
    ble_conn_params_on_ble_evt               0x0001d51d   Thumb Code   130  ble_conn_params.o(i.ble_conn_params_on_ble_evt)
    ble_conn_state_conn_handles              0x0001d5ad   Thumb Code    14  ble_conn_state.o(i.ble_conn_state_conn_handles)
    ble_conn_state_encrypted                 0x0001d5c1   Thumb Code    16  ble_conn_state.o(i.ble_conn_state_encrypted)
    ble_conn_state_mitm_protected            0x0001d5d5   Thumb Code    16  ble_conn_state.o(i.ble_conn_state_mitm_protected)
    ble_conn_state_n_centrals                0x0001d5e9   Thumb Code    16  ble_conn_state.o(i.ble_conn_state_n_centrals)
    ble_conn_state_on_ble_evt                0x0001d5fd   Thumb Code   238  ble_conn_state.o(i.ble_conn_state_on_ble_evt)
    ble_conn_state_role                      0x0001d6f5   Thumb Code    46  ble_conn_state.o(i.ble_conn_state_role)
    ble_conn_state_user_flag_acquire         0x0001d729   Thumb Code    42  ble_conn_state.o(i.ble_conn_state_user_flag_acquire)
    ble_conn_state_user_flag_collection      0x0001d759   Thumb Code    20  ble_conn_state.o(i.ble_conn_state_user_flag_collection)
    ble_conn_state_user_flag_get             0x0001d771   Thumb Code    32  ble_conn_state.o(i.ble_conn_state_user_flag_get)
    ble_conn_state_user_flag_set             0x0001d795   Thumb Code    36  ble_conn_state.o(i.ble_conn_state_user_flag_set)
    ble_custom_c_handles_assign              0x0001d7bd   Thumb Code    26  ble_custom_c.o(i.ble_custom_c_handles_assign)
    ble_custom_c_hrm_notif_enable            0x0001d7d7   Thumb Code    22  ble_custom_c.o(i.ble_custom_c_hrm_notif_enable)
    ble_custom_c_init                        0x0001d7ed   Thumb Code    44  ble_custom_c.o(i.ble_custom_c_init)
    ble_custom_c_on_ble_evt                  0x0001d819   Thumb Code    66  ble_custom_c.o(i.ble_custom_c_on_ble_evt)
    ble_custom_on_db_disc_evt                0x0001d85d   Thumb Code   130  ble_custom_c.o(i.ble_custom_on_db_disc_evt)
    ble_db_discovery_evt_register            0x0001d921   Thumb Code    66  ble_db_discovery.o(i.ble_db_discovery_evt_register)
    ble_db_discovery_init                    0x0001d96d   Thumb Code    26  ble_db_discovery.o(i.ble_db_discovery_init)
    ble_db_discovery_on_ble_evt              0x0001d98d   Thumb Code    82  ble_db_discovery.o(i.ble_db_discovery_on_ble_evt)
    ble_db_discovery_start                   0x0001d9e5   Thumb Code   104  ble_db_discovery.o(i.ble_db_discovery_start)
    ble_hrs_c_handles_assign                 0x0001db5d   Thumb Code    26  ble_hrs_c.o(i.ble_hrs_c_handles_assign)
    ble_hrs_c_hrm_notif_enable               0x0001db77   Thumb Code    22  ble_hrs_c.o(i.ble_hrs_c_hrm_notif_enable)
    ble_hrs_c_init                           0x0001db8d   Thumb Code    48  ble_hrs_c.o(i.ble_hrs_c_init)
    ble_hrs_c_on_ble_evt                     0x0001dbc1   Thumb Code    66  ble_hrs_c.o(i.ble_hrs_c_on_ble_evt)
    ble_hrs_heart_rate_measurement_send      0x0001dc05   Thumb Code    82  ble_hrs.o(i.ble_hrs_heart_rate_measurement_send)
    ble_hrs_init                             0x0001dc5d   Thumb Code    86  ble_hrs.o(i.ble_hrs_init)
    ble_hrs_on_ble_evt                       0x0001dcb9   Thumb Code    82  ble_hrs.o(i.ble_hrs_on_ble_evt)
    ble_hrs_on_db_disc_evt                   0x0001dd0d   Thumb Code   128  ble_hrs_c.o(i.ble_hrs_on_db_disc_evt)
    ble_srv_is_notification_enabled          0x0001ddd1   Thumb Code    14  ble_srv_common.o(i.ble_srv_is_notification_enabled)
    bsp_btn_ble_init                         0x0001ded9   Thumb Code    80  bsp_btn_ble.o(i.bsp_btn_ble_init)
    bsp_button_is_pressed                    0x0001dfcd   Thumb Code    34  bsp.o(i.bsp_button_is_pressed)
    bsp_event_to_button_action_assign        0x0001e0a9   Thumb Code    66  bsp.o(i.bsp_event_to_button_action_assign)
    bsp_init                                 0x0001e0f1   Thumb Code   134  bsp.o(i.bsp_init)
    buffer_is_empty                          0x0001e405   Thumb Code    16  nrf_log_frontend.o(i.buffer_is_empty)
    chunk_queue_next                         0x0001e5a9   Thumb Code    20  fds.o(i.chunk_queue_next)
    ecc_init                                 0x0001eb6d   Thumb Code    14  ecc.o(i.ecc_init)
    ecc_p256_keypair_gen                     0x0001eb81   Thumb Code    64  ecc.o(i.ecc_p256_keypair_gen)
    ecc_p256_shared_secret_compute           0x0001ebc1   Thumb Code    82  ecc.o(i.ecc_p256_shared_secret_compute)
    fds_file_delete                          0x0001eeed   Thumb Code    66  fds.o(i.fds_file_delete)
    fds_gc                                   0x0001ef39   Thumb Code    62  fds.o(i.fds_gc)
    fds_init                                 0x0001ef81   Thumb Code   134  fds.o(i.fds_init)
    fds_record_close                         0x0001f00d   Thumb Code    60  fds.o(i.fds_record_close)
    fds_record_find                          0x0001f04d   Thumb Code    14  fds.o(i.fds_record_find)
    fds_record_find_by_key                   0x0001f05b   Thumb Code    16  fds.o(i.fds_record_find_by_key)
    fds_record_find_in_file                  0x0001f06b   Thumb Code    16  fds.o(i.fds_record_find_in_file)
    fds_record_id_from_desc                  0x0001f07b   Thumb Code    20  fds.o(i.fds_record_id_from_desc)
    fds_record_open                          0x0001f091   Thumb Code    64  fds.o(i.fds_record_open)
    fds_record_update                        0x0001f0d5   Thumb Code    20  fds.o(i.fds_record_update)
    fds_record_write                         0x0001f0e9   Thumb Code    12  fds.o(i.fds_record_write)
    fds_record_write_reserved                0x0001f0f5   Thumb Code    18  fds.o(i.fds_record_write_reserved)
    fds_register                             0x0001f109   Thumb Code    28  fds.o(i.fds_register)
    fds_reserve                              0x0001f12d   Thumb Code    48  fds.o(i.fds_reserve)
    fds_reserve_cancel                       0x0001f161   Thumb Code    62  fds.o(i.fds_reserve_cancel)
    fs_erase                                 0x0001f2c9   Thumb Code   118  fstorage.o(i.fs_erase)
    fs_init                                  0x0001f351   Thumb Code   154  fstorage.o(i.fs_init)
    fs_queued_op_count_get                   0x0001f3fd   Thumb Code    18  fstorage.o(i.fs_queued_op_count_get)
    fs_store                                 0x0001f415   Thumb Code   128  fstorage.o(i.fs_store)
    fs_sys_event_handler                     0x0001f499   Thumb Code    94  fstorage.o(i.fs_sys_event_handler)
    gcm_ble_evt_handler                      0x0001f6d5   Thumb Code   232  gatt_cache_manager.o(i.gcm_ble_evt_handler)
    gcm_gscm_evt_handler                     0x0001f7c5   Thumb Code    96  gatt_cache_manager.o(i.gcm_gscm_evt_handler)
    gcm_im_evt_handler                       0x0001f82d   Thumb Code    40  gatt_cache_manager.o(i.gcm_im_evt_handler)
    gcm_init                                 0x0001f859   Thumb Code    66  gatt_cache_manager.o(i.gcm_init)
    gcm_local_database_has_changed           0x0001f8a1   Thumb Code    66  gatt_cache_manager.o(i.gcm_local_database_has_changed)
    gcm_smd_evt_handler                      0x0001f8ed   Thumb Code    16  gatt_cache_manager.o(i.gcm_smd_evt_handler)
    get_connection_by_conn_handle            0x0001f8fd   Thumb Code    48  id_manager.o(i.get_connection_by_conn_handle)
    get_free_connection                      0x0001f935   Thumb Code    40  id_manager.o(i.get_free_connection)
    gscm_db_change_notification_done         0x0001f9b5   Thumb Code    22  gatts_cache_manager.o(i.gscm_db_change_notification_done)
    gscm_init                                0x0001f9d1   Thumb Code    16  gatts_cache_manager.o(i.gscm_init)
    gscm_local_database_has_changed          0x0001f9e5   Thumb Code    18  gatts_cache_manager.o(i.gscm_local_database_has_changed)
    gscm_local_db_cache_apply                0x0001fa01   Thumb Code   104  gatts_cache_manager.o(i.gscm_local_db_cache_apply)
    gscm_local_db_cache_update               0x0001fa6d   Thumb Code   124  gatts_cache_manager.o(i.gscm_local_db_cache_update)
    gscm_pdb_evt_handler                     0x0001faf1   Thumb Code    68  gatts_cache_manager.o(i.gscm_pdb_evt_handler)
    gscm_service_changed_ind_needed          0x0001fb3d   Thumb Code    28  gatts_cache_manager.o(i.gscm_service_changed_ind_needed)
    gscm_service_changed_ind_send            0x0001fb59   Thumb Code    32  gatts_cache_manager.o(i.gscm_service_changed_ind_send)
    im_address_resolve                       0x0001fdd1   Thumb Code    64  id_manager.o(i.im_address_resolve)
    im_ble_addr_get                          0x0001fe11   Thumb Code    38  id_manager.o(i.im_ble_addr_get)
    im_ble_evt_handler                       0x0001fe3d   Thumb Code   162  id_manager.o(i.im_ble_evt_handler)
    im_conn_handle_get                       0x0001fee5   Thumb Code    34  id_manager.o(i.im_conn_handle_get)
    im_init                                  0x0001ff11   Thumb Code    60  id_manager.o(i.im_init)
    im_is_duplicate_bonding_data             0x0001ff59   Thumb Code    56  id_manager.o(i.im_is_duplicate_bonding_data)
    im_master_id_is_valid                    0x0001ff91   Thumb Code    28  id_manager.o(i.im_master_id_is_valid)
    im_master_ids_compare                    0x0001ffad   Thumb Code    44  id_manager.o(i.im_master_ids_compare)
    im_new_peer_id                           0x0001ffd9   Thumb Code     8  id_manager.o(i.im_new_peer_id)
    im_pdb_evt_handler                       0x0001ffe1   Thumb Code   110  id_manager.o(i.im_pdb_evt_handler)
    im_peer_free                             0x00020051   Thumb Code    38  id_manager.o(i.im_peer_free)
    im_peer_id_get_by_conn_handle            0x0002007d   Thumb Code    24  id_manager.o(i.im_peer_id_get_by_conn_handle)
    im_peer_id_get_by_master_id              0x0002009d   Thumb Code    62  id_manager.o(i.im_peer_id_get_by_master_id)
    intern_softdevice_events_execute         0x000201a1   Thumb Code   122  softdevice_handler.o(i.intern_softdevice_events_execute)
    is_valid_irk                             0x000202c9   Thumb Code    22  id_manager.o(i.is_valid_irk)
    main                                     0x000208a9   Thumb Code   432  main.o(i.main)
    new_connection                           0x00020be5   Thumb Code    80  id_manager.o(i.new_connection)
    next_id_get                              0x00020c41   Thumb Code    48  peer_id.o(i.next_id_get)
    nrf_drv_clock_init                       0x00020cb5   Thumb Code    50  nrf_drv_clock.o(i.nrf_drv_clock_init)
    nrf_drv_clock_on_sd_enable               0x00020cf1   Thumb Code    46  nrf_drv_clock.o(i.nrf_drv_clock_on_sd_enable)
    nrf_drv_clock_on_soc_event               0x00020d25   Thumb Code    12  nrf_drv_clock.o(i.nrf_drv_clock_on_soc_event)
    nrf_drv_common_irq_enable                0x00020d31   Thumb Code    78  nrf_drv_common.o(i.nrf_drv_common_irq_enable)
    nrf_drv_gpiote_in_event_enable           0x00020d91   Thumb Code   134  nrf_drv_gpiote.o(i.nrf_drv_gpiote_in_event_enable)
    nrf_drv_gpiote_in_init                   0x00020e29   Thumb Code   146  nrf_drv_gpiote.o(i.nrf_drv_gpiote_in_init)
    nrf_drv_gpiote_in_is_set                 0x00020ecd   Thumb Code    16  nrf_drv_gpiote.o(i.nrf_drv_gpiote_in_is_set)
    nrf_drv_gpiote_init                      0x00020ee1   Thumb Code    84  nrf_drv_gpiote.o(i.nrf_drv_gpiote_init)
    nrf_drv_gpiote_is_init                   0x00020f3d   Thumb Code    12  nrf_drv_gpiote.o(i.nrf_drv_gpiote_is_init)
    nrf_drv_rng_block_rand                   0x00020f4d   Thumb Code    54  nrf_drv_rng.o(i.nrf_drv_rng_block_rand)
    nrf_drv_rng_rand                         0x00020f83   Thumb Code     4  nrf_drv_rng.o(i.nrf_drv_rng_rand)
    nrf_drv_uart_init                        0x00020f89   Thumb Code   214  nrf_drv_uart.o(i.nrf_drv_uart_init)
    nrf_drv_uart_tx                          0x0002106d   Thumb Code    46  nrf_drv_uart.o(i.nrf_drv_uart_tx)
    nrf_drv_uart_tx_in_progress              0x0002112d   Thumb Code    20  nrf_drv_uart.o(i.nrf_drv_uart_tx_in_progress)
    nrf_drv_uart_uninit                      0x00021145   Thumb Code   132  nrf_drv_uart.o(i.nrf_drv_uart_uninit)
    nrf_log_backend_hexdump_handler_get      0x00021299   Thumb Code     4  nrf_log_backend_serial.o(i.nrf_log_backend_hexdump_handler_get)
    nrf_log_backend_init                     0x000212a1   Thumb Code   124  nrf_log_backend_serial.o(i.nrf_log_backend_init)
    nrf_log_backend_std_handler_get          0x00021545   Thumb Code     4  nrf_log_backend_serial.o(i.nrf_log_backend_std_handler_get)
    nrf_log_blocking_backend_set             0x0002154d   Thumb Code    10  nrf_log_frontend.o(i.nrf_log_blocking_backend_set)
    nrf_log_frontend_dequeue                 0x00021559   Thumb Code   318  nrf_log_frontend.o(i.nrf_log_frontend_dequeue)
    nrf_log_frontend_init                    0x000216a5   Thumb Code    20  nrf_log_frontend.o(i.nrf_log_frontend_init)
    nrf_log_frontend_std_0                   0x000216bd   Thumb Code    62  nrf_log_frontend.o(i.nrf_log_frontend_std_0)
    nrf_log_frontend_std_1                   0x00021705   Thumb Code    78  nrf_log_frontend.o(i.nrf_log_frontend_std_1)
    nrf_log_frontend_std_2                   0x0002175d   Thumb Code    96  nrf_log_frontend.o(i.nrf_log_frontend_std_2)
    nrf_log_frontend_std_3                   0x000217c5   Thumb Code   110  nrf_log_frontend.o(i.nrf_log_frontend_std_3)
    nrf_log_frontend_std_6                   0x0002183d   Thumb Code   154  nrf_log_frontend.o(i.nrf_log_frontend_std_6)
    nrf_log_handlers_set                     0x000218e1   Thumb Code     8  nrf_log_frontend.o(i.nrf_log_handlers_set)
    nrf_log_init                             0x000218ed   Thumb Code    36  nrf_log_frontend.o(i.nrf_log_init)
    nrf_log_push                             0x00021911   Thumb Code    76  nrf_log_frontend.o(i.nrf_log_push)
    pdb_init                                 0x00022691   Thumb Code    62  peer_database.o(i.pdb_init)
    pdb_next_deleted_peer_id_get             0x000226dd   Thumb Code     8  peer_database.o(i.pdb_next_deleted_peer_id_get)
    pdb_next_peer_id_get                     0x000226e5   Thumb Code     8  peer_database.o(i.pdb_next_peer_id_get)
    pdb_pds_evt_handler                      0x000226ed   Thumb Code   300  peer_database.o(i.pdb_pds_evt_handler)
    pdb_peer_allocate                        0x00022821   Thumb Code     8  peer_database.o(i.pdb_peer_allocate)
    pdb_peer_data_load                       0x00022829   Thumb Code    16  peer_database.o(i.pdb_peer_data_load)
    pdb_peer_data_ptr_get                    0x00022839   Thumb Code    10  peer_database.o(i.pdb_peer_data_ptr_get)
    pdb_peer_free                            0x00022843   Thumb Code    74  peer_database.o(i.pdb_peer_free)
    pdb_raw_store                            0x0002288d   Thumb Code    12  peer_database.o(i.pdb_raw_store)
    pdb_write_buf_get                        0x00022899   Thumb Code   256  peer_database.o(i.pdb_write_buf_get)
    pdb_write_buf_release                    0x000229a1   Thumb Code    42  peer_database.o(i.pdb_write_buf_release)
    pdb_write_buf_store                      0x000229cd   Thumb Code   190  peer_database.o(i.pdb_write_buf_store)
    pdb_write_buf_store_prepare              0x00022a95   Thumb Code    98  peer_database.o(i.pdb_write_buf_store_prepare)
    pds_init                                 0x00022b09   Thumb Code   100  peer_data_storage.o(i.pds_init)
    pds_next_deleted_peer_id_get             0x00022b79   Thumb Code     8  peer_data_storage.o(i.pds_next_deleted_peer_id_get)
    pds_next_peer_id_get                     0x00022b81   Thumb Code     8  peer_data_storage.o(i.pds_next_peer_id_get)
    pds_peer_data_iterate                    0x00022b89   Thumb Code    80  peer_data_storage.o(i.pds_peer_data_iterate)
    pds_peer_data_iterate_prepare            0x00022bdd   Thumb Code    10  peer_data_storage.o(i.pds_peer_data_iterate_prepare)
    pds_peer_data_read                       0x00022bed   Thumb Code   112  peer_data_storage.o(i.pds_peer_data_read)
    pds_peer_data_store                      0x00022c5d   Thumb Code   170  peer_data_storage.o(i.pds_peer_data_store)
    pds_peer_id_allocate                     0x00022d09   Thumb Code    10  peer_data_storage.o(i.pds_peer_id_allocate)
    pds_peer_id_free                         0x00022d19   Thumb Code    22  peer_data_storage.o(i.pds_peer_id_free)
    pds_peer_id_is_allocated                 0x00022d2f   Thumb Code     8  peer_data_storage.o(i.pds_peer_id_is_allocated)
    pds_space_reserve                        0x00022d37   Thumb Code    48  peer_data_storage.o(i.pds_space_reserve)
    pds_space_reserve_cancel                 0x00022d67   Thumb Code    16  peer_data_storage.o(i.pds_space_reserve_cancel)
    peer_id_allocate                         0x00022e65   Thumb Code    10  peer_id.o(i.peer_id_allocate)
    peer_id_delete                           0x00022e75   Thumb Code    30  peer_id.o(i.peer_id_delete)
    peer_id_free                             0x00022e9d   Thumb Code    22  peer_id.o(i.peer_id_free)
    peer_id_get_next_deleted                 0x00022eb9   Thumb Code    10  peer_id.o(i.peer_id_get_next_deleted)
    peer_id_get_next_used                    0x00022ec9   Thumb Code    42  peer_id.o(i.peer_id_get_next_used)
    peer_id_init                             0x00022efd   Thumb Code    34  peer_id.o(i.peer_id_init)
    peer_id_is_allocated                     0x00022f25   Thumb Code    20  peer_id.o(i.peer_id_is_allocated)
    peer_id_is_deleted                       0x00022f3d   Thumb Code    20  peer_id.o(i.peer_id_is_deleted)
    pm_buffer_block_acquire                  0x0002305d   Thumb Code    94  pm_buffer.o(i.pm_buffer_block_acquire)
    pm_buffer_init                           0x000230bb   Thumb Code    66  pm_buffer.o(i.pm_buffer_init)
    pm_buffer_ptr_get                        0x000230fd   Thumb Code    46  pm_buffer.o(i.pm_buffer_ptr_get)
    pm_buffer_release                        0x0002312b   Thumb Code    42  pm_buffer.o(i.pm_buffer_release)
    pm_conn_sec_config_reply                 0x00023155   Thumb Code     8  peer_manager.o(i.pm_conn_sec_config_reply)
    pm_conn_secure                           0x0002315d   Thumb Code    20  peer_manager.o(i.pm_conn_secure)
    pm_gcm_evt_handler                       0x0002320d   Thumb Code   128  peer_manager.o(i.pm_gcm_evt_handler)
    pm_im_evt_handler                        0x0002328d   Thumb Code    74  peer_manager.o(i.pm_im_evt_handler)
    pm_init                                  0x000232dd   Thumb Code   108  peer_manager.o(i.pm_init)
    pm_lesc_public_key_set                   0x0002334d   Thumb Code    20  peer_manager.o(i.pm_lesc_public_key_set)
    pm_local_database_has_changed            0x00023365   Thumb Code    16  peer_manager.o(i.pm_local_database_has_changed)
    pm_mutex_init                            0x00023379   Thumb Code    16  pm_mutex.o(i.pm_mutex_init)
    pm_mutex_lock                            0x00023389   Thumb Code    28  pm_mutex.o(i.pm_mutex_lock)
    pm_mutex_lock_first_available            0x000233a5   Thumb Code    52  pm_mutex.o(i.pm_mutex_lock_first_available)
    pm_mutex_lock_status_get                 0x000233d9   Thumb Code    24  pm_mutex.o(i.pm_mutex_lock_status_get)
    pm_mutex_unlock                          0x000233f1   Thumb Code    54  pm_mutex.o(i.pm_mutex_unlock)
    pm_on_ble_evt                            0x00023429   Thumb Code    32  peer_manager.o(i.pm_on_ble_evt)
    pm_pdb_evt_handler                       0x0002344d   Thumb Code   306  peer_manager.o(i.pm_pdb_evt_handler)
    pm_peer_delete                           0x00023589   Thumb Code    20  peer_manager.o(i.pm_peer_delete)
    pm_peer_rank_highest                     0x000235a1   Thumb Code   182  peer_manager.o(i.pm_peer_rank_highest)
    pm_peer_ranks_get                        0x00023661   Thumb Code   164  peer_manager.o(i.pm_peer_ranks_get)
    pm_peers_delete                          0x00023711   Thumb Code    52  peer_manager.o(i.pm_peers_delete)
    pm_register                              0x0002374d   Thumb Code    38  peer_manager.o(i.pm_register)
    pm_sec_params_set                        0x0002377d   Thumb Code    20  peer_manager.o(i.pm_sec_params_set)
    pm_sm_evt_handler                        0x00023795   Thumb Code   324  peer_manager.o(i.pm_sm_evt_handler)
    sdk_mapped_flags_bulk_update_by_key      0x00023e55   Thumb Code    70  sdk_mapped_flags.o(i.sdk_mapped_flags_bulk_update_by_key)
    sdk_mapped_flags_first_key_index_get     0x00023e9d   Thumb Code    34  sdk_mapped_flags.o(i.sdk_mapped_flags_first_key_index_get)
    sdk_mapped_flags_get_by_key              0x00023ed5   Thumb Code    38  sdk_mapped_flags.o(i.sdk_mapped_flags_get_by_key)
    sdk_mapped_flags_key_list_get            0x00023efb   Thumb Code    70  sdk_mapped_flags.o(i.sdk_mapped_flags_key_list_get)
    sdk_mapped_flags_n_flags_set             0x00023f41   Thumb Code    32  sdk_mapped_flags.o(i.sdk_mapped_flags_n_flags_set)
    sdk_mapped_flags_update_by_key           0x00023f61   Thumb Code    14  sdk_mapped_flags.o(i.sdk_mapped_flags_update_by_key)
    sm_ble_evt_handler                       0x00024479   Thumb Code    16  security_manager.o(i.sm_ble_evt_handler)
    sm_conn_sec_config_reply                 0x0002448d   Thumb Code    24  security_manager.o(i.sm_conn_sec_config_reply)
    sm_init                                  0x000244a9   Thumb Code    76  security_manager.o(i.sm_init)
    sm_lesc_public_key_set                   0x000244f9   Thumb Code     8  security_manager.o(i.sm_lesc_public_key_set)
    sm_link_secure                           0x00024505   Thumb Code    14  security_manager.o(i.sm_link_secure)
    sm_pdb_evt_handler                       0x00024515   Thumb Code    48  security_manager.o(i.sm_pdb_evt_handler)
    sm_sec_params_set                        0x00024549   Thumb Code    44  security_manager.o(i.sm_sec_params_set)
    sm_smd_evt_handler                       0x00024579   Thumb Code   118  security_manager.o(i.sm_smd_evt_handler)
    smd_ble_evt_handler                      0x000245f5   Thumb Code   214  security_dispatcher.o(i.smd_ble_evt_handler)
    smd_init                                 0x000246d9   Thumb Code    56  security_dispatcher.o(i.smd_init)
    smd_link_secure                          0x00024715   Thumb Code    44  security_dispatcher.o(i.smd_link_secure)
    smd_params_reply                         0x00024745   Thumb Code   260  security_dispatcher.o(i.smd_params_reply)
    smd_pdb_evt_handler                      0x000248dd   Thumb Code    46  security_dispatcher.o(i.smd_pdb_evt_handler)
    softdevice_ble_evt_handler_set           0x00024911   Thumb Code    16  softdevice_handler.o(i.softdevice_ble_evt_handler_set)
    softdevice_enable                        0x00024925   Thumb Code    76  softdevice_handler.o(i.softdevice_enable)
    softdevice_enable_get_default_config     0x00024a01   Thumb Code    40  softdevice_handler.o(i.softdevice_enable_get_default_config)
    softdevice_fault_handler                 0x00024a29   Thumb Code     8  softdevice_handler.o(i.softdevice_fault_handler)
    softdevice_handler_init                  0x00024a31   Thumb Code    74  softdevice_handler.o(i.softdevice_handler_init)
    softdevice_handler_is_enabled            0x00024a89   Thumb Code     6  softdevice_handler.o(i.softdevice_handler_is_enabled)
    softdevice_sys_evt_handler_set           0x00024a95   Thumb Code    16  softdevice_handler.o(i.softdevice_sys_evt_handler_set)
    Region$$Table$$Base                      0x00025af0   Number         0  anon$$obj.o(Region$$Table)
    Region$$Table$$Limit                     0x00025b10   Number         0  anon$$obj.o(Region$$Table)
    Image$$RW_IRAM1$$Base                    0x20003698   Number         0  anon$$obj.o ABSOLUTE
    nrf_nvic_state                           0x200037e8   Data           8  app_util_platform.o(.data)
    SystemCoreClock                          0x20003830   Data           4  system_nrf51.o(.data)
    fs_data$$Base                            0x20003834   Number         0  fds.o(fs_data)
    fs_data$$Limit                           0x20003844   Number         0  fds.o(fs_data)
    _SEGGER_RTT                              0x20005a08   Data         120  segger_rtt.o(.bss)
    __initial_sp                             0x20006288   Data           0  arm_startup_nrf51.o(STACK)



==============================================================================

Memory Map of the image

  Image Entry point : 0x0001b0c1

  Load Region LR_IROM1 (Base: 0x0001b000, Size: 0x0000acbc, Max: 0x00025000, ABSOLUTE, COMPRESSED[0x0000ab70])

    Execution Region ER_IROM1 (Base: 0x0001b000, Size: 0x0000ab10, Max: 0x00025000, ABSOLUTE)

    Base Addr    Size         Type   Attr      Idx    E Section Name        Object

    0x0001b000   0x000000c0   Data   RO         4814    RESET               arm_startup_nrf51.o
    0x0001b0c0   0x00000000   Code   RO         4963  * .ARM.Collect$$$$00000000  mc_p.l(entry.o)
    0x0001b0c0   0x00000004   Code   RO         5251    .ARM.Collect$$$$00000001  mc_p.l(entry2.o)
    0x0001b0c4   0x00000004   Code   RO         5254    .ARM.Collect$$$$00000004  mc_p.l(entry5.o)
    0x0001b0c8   0x00000000   Code   RO         5256    .ARM.Collect$$$$00000008  mc_p.l(entry7b.o)
    0x0001b0c8   0x00000000   Code   RO         5258    .ARM.Collect$$$$0000000A  mc_p.l(entry8b.o)
    0x0001b0c8   0x00000008   Code   RO         5259    .ARM.Collect$$$$0000000B  mc_p.l(entry9a.o)
    0x0001b0d0   0x00000000   Code   RO         5261    .ARM.Collect$$$$0000000D  mc_p.l(entry10a.o)
    0x0001b0d0   0x00000000   Code   RO         5263    .ARM.Collect$$$$0000000F  mc_p.l(entry11a.o)
    0x0001b0d0   0x00000004   Code   RO         5252    .ARM.Collect$$$$00002712  mc_p.l(entry2.o)
    0x0001b0d4   0x00000038   Code   RO         4815    .text               arm_startup_nrf51.o
    0x0001b10c   0x0000002c   Code   RO         4966    .text               mc_p.l(uidiv.o)
    0x0001b138   0x00000040   Code   RO         4972    .text               mc_p.l(memmovea.o)
    0x0001b178   0x00000024   Code   RO         4976    .text               mc_p.l(memseta.o)
    0x0001b19c   0x0000000e   Code   RO         4978    .text               mc_p.l(strlen.o)
    0x0001b1aa   0x0000001a   Code   RO         4980    .text               mc_p.l(memcmp.o)
    0x0001b1c4   0x00000012   Code   RO         4982    .text               mc_p.l(strcpy.o)
    0x0001b1d6   0x00000060   Code   RO         5268    .text               mc_p.l(uldiv.o)
    0x0001b236   0x00000020   Code   RO         5270    .text               mc_p.l(llshl.o)
    0x0001b256   0x00000002   PAD
    0x0001b258   0x00000024   Code   RO         5283    .text               mc_p.l(init.o)
    0x0001b27c   0x00000022   Code   RO         5286    .text               mc_p.l(llushr.o)
    0x0001b29e   0x00000056   Code   RO         5303    .text               mc_p.l(__dczerorl2.o)
    0x0001b2f4   0x0000004c   Code   RO         4907    .text.EccPoint_compute_public_key  micro_ecc_lib_nrf51.lib(micro_ecc_lib_uECC.c.o)
    0x0001b340   0x0000019e   Code   RO         4906    .text.EccPoint_mult  micro_ecc_lib_nrf51.lib(micro_ecc_lib_uECC.c.o)
    0x0001b4de   0x000000c8   Code   RO         4903    .text.XYcZ_add      micro_ecc_lib_nrf51.lib(micro_ecc_lib_uECC.c.o)
    0x0001b5a6   0x00000116   Code   RO         4902    .text.XYcZ_addC     micro_ecc_lib_nrf51.lib(micro_ecc_lib_uECC.c.o)
    0x0001b6bc   0x0000003e   Code   RO         4904    .text.apply_z       micro_ecc_lib_nrf51.lib(micro_ecc_lib_uECC.c.o)
    0x0001b6fa   0x0000000e   Code   RO         4859    .text.bcopy         micro_ecc_lib_nrf51.lib(micro_ecc_lib_uECC.c.o)
    0x0001b708   0x00000158   Code   RO         4899    .text.double_jacobian_default  micro_ecc_lib_nrf51.lib(micro_ecc_lib_uECC.c.o)
    0x0001b860   0x00000056   Code   RO         4879    .text.regularize_k  micro_ecc_lib_nrf51.lib(micro_ecc_lib_uECC.c.o)
    0x0001b8b6   0x00000002   PAD
    0x0001b8b8   0x00000078   Code   RO         4915    .text.uECC_generate_random_int  micro_ecc_lib_nrf51.lib(micro_ecc_lib_uECC.c.o)
    0x0001b930   0x00000048   Code   RO         4917    .text.uECC_make_key  micro_ecc_lib_nrf51.lib(micro_ecc_lib_uECC.c.o)
    0x0001b978   0x00000008   Code   RO         4911    .text.uECC_secp256r1  micro_ecc_lib_nrf51.lib(micro_ecc_lib_uECC.c.o)
    0x0001b980   0x0000000c   Code   RO         4870    .text.uECC_set_rng  micro_ecc_lib_nrf51.lib(micro_ecc_lib_uECC.c.o)
    0x0001b98c   0x0000009c   Code   RO         4918    .text.uECC_shared_secret  micro_ecc_lib_nrf51.lib(micro_ecc_lib_uECC.c.o)
    0x0001ba28   0x00000008   PAD
    0x0001ba30   0x00000058   Code   RO         4865    .text.uECC_vli_add  micro_ecc_lib_nrf51.lib(micro_ecc_lib_uECC.c.o)
    0x0001ba88   0x00000016   Code   RO         4874    .text.uECC_vli_clear  micro_ecc_lib_nrf51.lib(micro_ecc_lib_uECC.c.o)
    0x0001ba9e   0x0000002c   Code   RO         4886    .text.uECC_vli_cmp  micro_ecc_lib_nrf51.lib(micro_ecc_lib_uECC.c.o)
    0x0001baca   0x00000024   Code   RO         4860    .text.uECC_vli_cmp_unsafe  micro_ecc_lib_nrf51.lib(micro_ecc_lib_uECC.c.o)
    0x0001baee   0x0000001c   Code   RO         4877    .text.uECC_vli_isZero  micro_ecc_lib_nrf51.lib(micro_ecc_lib_uECC.c.o)
    0x0001bb0a   0x00000032   Code   RO         4891    .text.uECC_vli_modAdd  micro_ecc_lib_nrf51.lib(micro_ecc_lib_uECC.c.o)
    0x0001bb3c   0x00000114   Code   RO         4905    .text.uECC_vli_modInv  micro_ecc_lib_nrf51.lib(micro_ecc_lib_uECC.c.o)
    0x0001bc50   0x00000020   Code   RO         4895    .text.uECC_vli_modMult_fast  micro_ecc_lib_nrf51.lib(micro_ecc_lib_uECC.c.o)
    0x0001bc70   0x00000020   Code   RO         4897    .text.uECC_vli_modSquare_fast  micro_ecc_lib_nrf51.lib(micro_ecc_lib_uECC.c.o)
    0x0001bc90   0x00000024   Code   RO         4892    .text.uECC_vli_modSub  micro_ecc_lib_nrf51.lib(micro_ecc_lib_uECC.c.o)
    0x0001bcb4   0x00000098   Code   RO         4868    .text.uECC_vli_mult  micro_ecc_lib_nrf51.lib(micro_ecc_lib_uECC.c.o)
    0x0001bd4c   0x00000040   Code   RO         4880    .text.uECC_vli_numBits  micro_ecc_lib_nrf51.lib(micro_ecc_lib_uECC.c.o)
    0x0001bd8c   0x0000001e   Code   RO         4887    .text.uECC_vli_rshift1  micro_ecc_lib_nrf51.lib(micro_ecc_lib_uECC.c.o)
    0x0001bdaa   0x00000016   Code   RO         4881    .text.uECC_vli_set  micro_ecc_lib_nrf51.lib(micro_ecc_lib_uECC.c.o)
    0x0001bdc0   0x000000a6   Code   RO         4869    .text.uECC_vli_square  micro_ecc_lib_nrf51.lib(micro_ecc_lib_uECC.c.o)
    0x0001be66   0x0000000a   PAD
    0x0001be70   0x0000005c   Code   RO         4867    .text.uECC_vli_sub  micro_ecc_lib_nrf51.lib(micro_ecc_lib_uECC.c.o)
    0x0001becc   0x00000012   Code   RO         4878    .text.uECC_vli_testBit  micro_ecc_lib_nrf51.lib(micro_ecc_lib_uECC.c.o)
    0x0001bede   0x00000002   PAD
    0x0001bee0   0x000001b4   Code   RO         4884    .text.vli_mmod_fast_secp256r1  micro_ecc_lib_nrf51.lib(micro_ecc_lib_uECC.c.o)
    0x0001c094   0x00000040   Code   RO         4888    .text.vli_modInv_update  micro_ecc_lib_nrf51.lib(micro_ecc_lib_uECC.c.o)
    0x0001c0d4   0x0000005c   Code   RO         4898    .text.x_side_default  micro_ecc_lib_nrf51.lib(micro_ecc_lib_uECC.c.o)
    0x0001c130   0x00000150   Code   RO         2955    i.GPIOTE_IRQHandler  nrf_drv_gpiote.o
    0x0001c280   0x00000044   Code   RO         3563    i.NVIC_SetPriority  app_timer.o
    0x0001c2c4   0x00000054   Code   RO         2778    i.POWER_CLOCK_IRQHandler  nrf_drv_clock.o
    0x0001c318   0x00000020   Code   RO         3564    i.RTC1_IRQHandler   app_timer.o
    0x0001c338   0x0000004c   Code   RO         4539    i.SEGGER_RTT_ConfigUpBuffer  segger_rtt.o
    0x0001c384   0x0000005c   Code   RO         4552    i.SEGGER_RTT_WriteNoLock  segger_rtt.o
    0x0001c3e0   0x00000008   Code   RO         3565    i.SWI0_IRQHandler   app_timer.o
    0x0001c3e8   0x00000020   Code   RO         4681    i.SWI2_IRQHandler   softdevice_handler.o
    0x0001c408   0x000000a0   Code   RO         4822    i.SystemInit        system_nrf51.o
    0x0001c4a8   0x00000014   Code   RO         3213    i.UART0_IRQHandler  nrf_drv_uart.o
    0x0001c4bc   0x0000006c   Code   RO         4555    i._DoInit           segger_rtt.o
    0x0001c528   0x00000016   Code   RO         4556    i._GetAvailWriteSpace  segger_rtt.o
    0x0001c53e   0x00000060   Code   RO         4558    i._WriteBlocking    segger_rtt.o
    0x0001c59e   0x0000003c   Code   RO         4559    i._WriteNoCheck     segger_rtt.o
    0x0001c5da   0x00000002   PAD
    0x0001c5dc   0x00000028   Code   RO         5197    i.__0sprintf$8      mc_p.l(printf8.o)
    0x0001c604   0x0000001a   Code   RO          136    i.__ARM_common_switch8  main.o
    0x0001c61e   0x0000000e   Code   RO         5297    i.__scatterload_copy  mc_p.l(handlers.o)
    0x0001c62c   0x00000002   Code   RO         5298    i.__scatterload_null  mc_p.l(handlers.o)
    0x0001c62e   0x0000000e   Code   RO         5299    i.__scatterload_zeroinit  mc_p.l(handlers.o)
    0x0001c63c   0x0000001c   Code   RO         4682    i.__sd_nvic_app_accessible_irq  softdevice_handler.o
    0x0001c658   0x00000428   Code   RO         5202    i._printf_core      mc_p.l(printf8.o)
    0x0001ca80   0x00000020   Code   RO         5203    i._printf_post_padding  mc_p.l(printf8.o)
    0x0001caa0   0x0000002c   Code   RO         5204    i._printf_pre_padding  mc_p.l(printf8.o)
    0x0001cacc   0x0000000a   Code   RO         5206    i._sputc            mc_p.l(printf8.o)
    0x0001cad6   0x00000028   Code   RO         1246    i.addr_compare      id_manager.o
    0x0001cafe   0x0000018e   Code   RO          537    i.adv_data_encode   ble_advdata.o
    0x0001cc8c   0x00000068   Code   RO          616    i.adv_mode_next_avail_get  ble_advertising.o
    0x0001ccf4   0x0000002e   Code   RO            3    i.adv_report_parse  main.o
    0x0001cd22   0x00000002   PAD
    0x0001cd24   0x0000005c   Code   RO            4    i.adv_scan_start    main.o
    0x0001cd80   0x0000003c   Code   RO          498    i.advertising_buttons_configure  bsp_btn_ble.o
    0x0001cdbc   0x0000004e   Code   RO         1248    i.ah                id_manager.o
    0x0001ce0a   0x00000002   PAD
    0x0001ce0c   0x00000018   Code   RO          389    i.alert_timer_handler  bsp.o
    0x0001ce24   0x00000024   Code   RO         3378    i.app_button_enable  app_button.o
    0x0001ce48   0x00000074   Code   RO         3379    i.app_button_init   app_button.o
    0x0001cebc   0x00000048   Code   RO         3471    i.app_error_fault_handler  app_error_weak.o
    0x0001cf04   0x00000018   Code   RO         3436    i.app_error_handler_bare  app_error.o
    0x0001cf1c   0x0000002c   Code   RO         3568    i.app_timer_create  app_timer.o
    0x0001cf48   0x00000074   Code   RO         3569    i.app_timer_init    app_timer.o
    0x0001cfbc   0x00000088   Code   RO         3570    i.app_timer_start   app_timer.o
    0x0001d044   0x00000028   Code   RO         3571    i.app_timer_stop    app_timer.o
    0x0001d06c   0x0000003c   Code   RO         3708    i.app_util_critical_region_enter  app_util_platform.o
    0x0001d0a8   0x0000002c   Code   RO         3709    i.app_util_critical_region_exit  app_util_platform.o
    0x0001d0d4   0x000000a0   Code   RO         2214    i.auth_status_success_process  security_dispatcher.o
    0x0001d174   0x00000068   Code   RO          538    i.ble_advdata_set   ble_advdata.o
    0x0001d1dc   0x0000015c   Code   RO          617    i.ble_advertising_init  ble_advertising.o
    0x0001d338   0x00000058   Code   RO          618    i.ble_advertising_on_ble_evt  ble_advertising.o
    0x0001d390   0x00000030   Code   RO          619    i.ble_advertising_on_sys_evt  ble_advertising.o
    0x0001d3c0   0x00000108   Code   RO          622    i.ble_advertising_start  ble_advertising.o
    0x0001d4c8   0x00000054   Code   RO          704    i.ble_conn_params_init  ble_conn_params.o
    0x0001d51c   0x00000090   Code   RO          705    i.ble_conn_params_on_ble_evt  ble_conn_params.o
    0x0001d5ac   0x00000014   Code   RO          770    i.ble_conn_state_conn_handles  ble_conn_state.o
    0x0001d5c0   0x00000014   Code   RO          771    i.ble_conn_state_encrypted  ble_conn_state.o
    0x0001d5d4   0x00000014   Code   RO          773    i.ble_conn_state_mitm_protected  ble_conn_state.o
    0x0001d5e8   0x00000014   Code   RO          774    i.ble_conn_state_n_centrals  ble_conn_state.o
    0x0001d5fc   0x000000f8   Code   RO          777    i.ble_conn_state_on_ble_evt  ble_conn_state.o
    0x0001d6f4   0x00000034   Code   RO          779    i.ble_conn_state_role  ble_conn_state.o
    0x0001d728   0x00000030   Code   RO          781    i.ble_conn_state_user_flag_acquire  ble_conn_state.o
    0x0001d758   0x00000018   Code   RO          782    i.ble_conn_state_user_flag_collection  ble_conn_state.o
    0x0001d770   0x00000024   Code   RO          783    i.ble_conn_state_user_flag_get  ble_conn_state.o
    0x0001d794   0x00000028   Code   RO          784    i.ble_conn_state_user_flag_set  ble_conn_state.o
    0x0001d7bc   0x0000001a   Code   RO         2715    i.ble_custom_c_handles_assign  ble_custom_c.o
    0x0001d7d6   0x00000016   Code   RO         2716    i.ble_custom_c_hrm_notif_enable  ble_custom_c.o
    0x0001d7ec   0x0000002c   Code   RO         2717    i.ble_custom_c_init  ble_custom_c.o
    0x0001d818   0x00000042   Code   RO         2718    i.ble_custom_c_on_ble_evt  ble_custom_c.o
    0x0001d85a   0x00000002   PAD
    0x0001d85c   0x000000c4   Code   RO         2719    i.ble_custom_on_db_disc_evt  ble_custom_c.o
    0x0001d920   0x0000004c   Code   RO          902    i.ble_db_discovery_evt_register  ble_db_discovery.o
    0x0001d96c   0x00000020   Code   RO          903    i.ble_db_discovery_init  ble_db_discovery.o
    0x0001d98c   0x00000058   Code   RO          904    i.ble_db_discovery_on_ble_evt  ble_db_discovery.o
    0x0001d9e4   0x00000074   Code   RO          905    i.ble_db_discovery_start  ble_db_discovery.o
    0x0001da58   0x0000005e   Code   RO          539    i.ble_device_addr_encode  ble_advdata.o
    0x0001dab6   0x00000002   PAD
    0x0001dab8   0x000000a4   Code   RO            6    i.ble_evt_dispatch  main.o
    0x0001db5c   0x0000001a   Code   RO         2524    i.ble_hrs_c_handles_assign  ble_hrs_c.o
    0x0001db76   0x00000016   Code   RO         2525    i.ble_hrs_c_hrm_notif_enable  ble_hrs_c.o
    0x0001db8c   0x00000034   Code   RO         2526    i.ble_hrs_c_init    ble_hrs_c.o
    0x0001dbc0   0x00000042   Code   RO         2527    i.ble_hrs_c_on_ble_evt  ble_hrs_c.o
    0x0001dc02   0x00000002   PAD
    0x0001dc04   0x00000058   Code   RO         2448    i.ble_hrs_heart_rate_measurement_send  ble_hrs.o
    0x0001dc5c   0x0000005c   Code   RO         2449    i.ble_hrs_init      ble_hrs.o
    0x0001dcb8   0x00000052   Code   RO         2450    i.ble_hrs_on_ble_evt  ble_hrs.o
    0x0001dd0a   0x00000002   PAD
    0x0001dd0c   0x000000c4   Code   RO         2528    i.ble_hrs_on_db_disc_evt  ble_hrs_c.o
    0x0001ddd0   0x0000000e   Code   RO         1004    i.ble_srv_is_notification_enabled  ble_srv_common.o
    0x0001ddde   0x00000002   PAD
    0x0001dde0   0x00000070   Code   RO            7    i.ble_stack_init    main.o
    0x0001de50   0x00000088   Code   RO         2455    i.body_sensor_location_char_add  ble_hrs.o
    0x0001ded8   0x00000054   Code   RO          499    i.bsp_btn_ble_init  bsp_btn_ble.o
    0x0001df2c   0x000000a0   Code   RO          390    i.bsp_button_event_handler  bsp.o
    0x0001dfcc   0x0000002c   Code   RO          391    i.bsp_button_is_pressed  bsp.o
    0x0001dff8   0x000000b0   Code   RO            8    i.bsp_event_handler  main.o
    0x0001e0a8   0x00000048   Code   RO          395    i.bsp_event_to_button_action_assign  bsp.o
    0x0001e0f0   0x000000a0   Code   RO          398    i.bsp_init          bsp.o
    0x0001e190   0x000001f8   Code   RO          399    i.bsp_led_indication  bsp.o
    0x0001e388   0x00000012   Code   RO         4314    i.buf_len_update    nrf_log_backend_serial.o
    0x0001e39a   0x00000002   PAD
    0x0001e39c   0x00000068   Code   RO         4414    i.buf_prealloc      nrf_log_frontend.o
    0x0001e404   0x00000014   Code   RO         4415    i.buffer_is_empty   nrf_log_frontend.o
    0x0001e418   0x0000000c   Code   RO          402    i.button_timer_handler  bsp.o
    0x0001e424   0x00000058   Code   RO         2529    i.cccd_configure    ble_hrs_c.o
    0x0001e47c   0x00000058   Code   RO         2720    i.cccd_configure    ble_custom_c.o
    0x0001e4d4   0x0000001c   Code   RO         2956    i.channel_free      nrf_drv_gpiote.o
    0x0001e4f0   0x00000048   Code   RO         2957    i.channel_port_alloc  nrf_drv_gpiote.o
    0x0001e538   0x00000010   Code   RO         2958    i.channel_port_get  nrf_drv_gpiote.o
    0x0001e548   0x0000003e   Code   RO          906    i.characteristics_discover  ble_db_discovery.o
    0x0001e586   0x00000002   PAD
    0x0001e588   0x00000020   Code   RO         4138    i.check_config      fstorage.o
    0x0001e5a8   0x00000018   Code   RO         3836    i.chunk_queue_next  fds.o
    0x0001e5c0   0x0000003c   Code   RO         1783    i.claim             peer_id.o
    0x0001e5fc   0x00000028   Code   RO         2779    i.clock_clk_started_notify  nrf_drv_clock.o
    0x0001e624   0x000000a8   Code   RO         3573    i.compare_reg_update  app_timer.o
    0x0001e6cc   0x00000088   Code   RO          540    i.conn_int_encode   ble_advdata.o
    0x0001e754   0x00000008   Code   RO            9    i.conn_params_error_handler  main.o
    0x0001e75c   0x00000068   Code   RO          707    i.conn_params_negotiation  ble_conn_params.o
    0x0001e7c4   0x0000006c   Code   RO         4416    i.cont_buf_prealloc  nrf_log_frontend.o
    0x0001e830   0x000000c8   Code   RO           10    i.custom_c_evt_handler  main.o
    0x0001e8f8   0x00000034   Code   RO           11    i.db_disc_handler   main.o
    0x0001e92c   0x000000a4   Code   RO         3837    i.delete_execute    fds.o
    0x0001e9d0   0x00000084   Code   RO          907    i.descriptors_discover  ble_db_discovery.o
    0x0001ea54   0x00000060   Code   RO         3381    i.detection_delay_timeout_handler  app_button.o
    0x0001eab4   0x0000008c   Code   RO          908    i.discovery_complete_evt_trigger  ble_db_discovery.o
    0x0001eb40   0x0000002c   Code   RO          909    i.discovery_error_evt_trigger  ble_db_discovery.o
    0x0001eb6c   0x00000014   Code   RO         3770    i.ecc_init          ecc.o
    0x0001eb80   0x00000040   Code   RO         3771    i.ecc_p256_keypair_gen  ecc.o
    0x0001ebc0   0x00000052   Code   RO         3773    i.ecc_p256_shared_secret_compute  ecc.o
    0x0001ec12   0x00000012   Code   RO         3776    i.ecc_rng           ecc.o
    0x0001ec24   0x00000040   Code   RO         3574    i.elapsed_ticks_acquire  app_timer.o
    0x0001ec64   0x00000030   Code   RO         2215    i.encryption_failure  security_dispatcher.o
    0x0001ec94   0x0000006a   Code   RO         3838    i.event_prepare     fds.o
    0x0001ecfe   0x00000002   PAD
    0x0001ed00   0x00000020   Code   RO         3839    i.event_send        fds.o
    0x0001ed20   0x00000032   Code   RO         2325    i.events_send_from_err_code  security_manager.o
    0x0001ed52   0x00000002   PAD
    0x0001ed54   0x0000000c   Code   RO         1057    i.evt_send          gatt_cache_manager.o
    0x0001ed60   0x0000001c   Code   RO         1249    i.evt_send          id_manager.o
    0x0001ed7c   0x00000028   Code   RO         1869    i.evt_send          peer_manager.o
    0x0001eda4   0x0000001c   Code   RO         2216    i.evt_send          security_dispatcher.o
    0x0001edc0   0x0000000c   Code   RO         2326    i.evt_send          security_manager.o
    0x0001edcc   0x00000002   Code   RO           12    i.fds_evt_handler   main.o
    0x0001edce   0x00000002   PAD
    0x0001edd0   0x0000011c   Code   RO         1469    i.fds_evt_handler   peer_data_storage.o
    0x0001eeec   0x0000004c   Code   RO         3841    i.fds_file_delete   fds.o
    0x0001ef38   0x00000048   Code   RO         3842    i.fds_gc            fds.o
    0x0001ef80   0x0000008c   Code   RO         3843    i.fds_init          fds.o
    0x0001f00c   0x00000040   Code   RO         3844    i.fds_record_close  fds.o
    0x0001f04c   0x0000000e   Code   RO         3846    i.fds_record_find   fds.o
    0x0001f05a   0x00000010   Code   RO         3847    i.fds_record_find_by_key  fds.o
    0x0001f06a   0x00000010   Code   RO         3848    i.fds_record_find_in_file  fds.o
    0x0001f07a   0x00000014   Code   RO         3849    i.fds_record_id_from_desc  fds.o
    0x0001f08e   0x00000002   PAD
    0x0001f090   0x00000044   Code   RO         3851    i.fds_record_open   fds.o
    0x0001f0d4   0x00000014   Code   RO         3852    i.fds_record_update  fds.o
    0x0001f0e8   0x0000000c   Code   RO         3853    i.fds_record_write  fds.o
    0x0001f0f4   0x00000012   Code   RO         3854    i.fds_record_write_reserved  fds.o
    0x0001f106   0x00000002   PAD
    0x0001f108   0x00000024   Code   RO         3855    i.fds_register      fds.o
    0x0001f12c   0x00000034   Code   RO         3856    i.fds_reserve       fds.o
    0x0001f160   0x00000048   Code   RO         3857    i.fds_reserve_cancel  fds.o
    0x0001f1a8   0x0000000a   Code   RO         1470    i.file_id_to_peer_id  peer_data_storage.o
    0x0001f1b2   0x00000002   PAD
    0x0001f1b4   0x00000018   Code   RO         1471    i.file_id_within_pm_range  peer_data_storage.o
    0x0001f1cc   0x0000005c   Code   RO           13    i.find_adv_uuid     main.o
    0x0001f228   0x00000010   Code   RO         3859    i.flag_clear        fds.o
    0x0001f238   0x00000012   Code   RO         2217    i.flag_id_init      security_dispatcher.o
    0x0001f24a   0x00000012   Code   RO         2327    i.flag_id_init      security_manager.o
    0x0001f25c   0x00000010   Code   RO         3860    i.flag_set          fds.o
    0x0001f26c   0x0000005c   Code   RO         2328    i.flags_set_from_err_code  security_manager.o
    0x0001f2c8   0x0000007c   Code   RO         4139    i.fs_erase          fstorage.o
    0x0001f344   0x0000000a   Code   RO         3861    i.fs_event_handler  fds.o
    0x0001f34e   0x00000002   PAD
    0x0001f350   0x000000ac   Code   RO         4141    i.fs_init           fstorage.o
    0x0001f3fc   0x00000018   Code   RO         4142    i.fs_queued_op_count_get  fstorage.o
    0x0001f414   0x00000084   Code   RO         4143    i.fs_store          fstorage.o
    0x0001f498   0x00000068   Code   RO         4144    i.fs_sys_event_handler  fstorage.o
    0x0001f500   0x00000068   Code   RO         3862    i.gc_execute        fds.o
    0x0001f568   0x0000004c   Code   RO         3863    i.gc_next_page      fds.o
    0x0001f5b4   0x0000004c   Code   RO         3864    i.gc_page_erase     fds.o
    0x0001f600   0x00000034   Code   RO         3865    i.gc_record_copy    fds.o
    0x0001f634   0x00000020   Code   RO         3866    i.gc_record_find_next  fds.o
    0x0001f654   0x00000080   Code   RO         3867    i.gc_state_advance  fds.o
    0x0001f6d4   0x000000f0   Code   RO         1058    i.gcm_ble_evt_handler  gatt_cache_manager.o
    0x0001f7c4   0x00000068   Code   RO         1059    i.gcm_gscm_evt_handler  gatt_cache_manager.o
    0x0001f82c   0x0000002c   Code   RO         1060    i.gcm_im_evt_handler  gatt_cache_manager.o
    0x0001f858   0x00000048   Code   RO         1061    i.gcm_init          gatt_cache_manager.o
    0x0001f8a0   0x0000004c   Code   RO         1062    i.gcm_local_database_has_changed  gatt_cache_manager.o
    0x0001f8ec   0x00000010   Code   RO         1065    i.gcm_smd_evt_handler  gatt_cache_manager.o
    0x0001f8fc   0x00000038   Code   RO         1250    i.get_connection_by_conn_handle  id_manager.o
    0x0001f934   0x00000030   Code   RO         1251    i.get_free_connection  id_manager.o
    0x0001f964   0x00000050   Code   RO         3382    i.gpiote_event_handler  app_button.o
    0x0001f9b4   0x0000001c   Code   RO         1165    i.gscm_db_change_notification_done  gatts_cache_manager.o
    0x0001f9d0   0x00000014   Code   RO         1166    i.gscm_init         gatts_cache_manager.o
    0x0001f9e4   0x0000001c   Code   RO         1167    i.gscm_local_database_has_changed  gatts_cache_manager.o
    0x0001fa00   0x0000006c   Code   RO         1168    i.gscm_local_db_cache_apply  gatts_cache_manager.o
    0x0001fa6c   0x00000084   Code   RO         1170    i.gscm_local_db_cache_update  gatts_cache_manager.o
    0x0001faf0   0x0000004c   Code   RO         1171    i.gscm_pdb_evt_handler  gatts_cache_manager.o
    0x0001fb3c   0x0000001c   Code   RO         1172    i.gscm_service_changed_ind_needed  gatts_cache_manager.o
    0x0001fb58   0x0000002c   Code   RO         1173    i.gscm_service_changed_ind_send  gatts_cache_manager.o
    0x0001fb84   0x0000001c   Code   RO         3868    i.header_is_valid   fds.o
    0x0001fba0   0x000000b0   Code   RO         2456    i.heart_rate_measurement_char_add  ble_hrs.o
    0x0001fc50   0x00000088   Code   RO         2457    i.hrm_encode        ble_hrs.o
    0x0001fcd8   0x000000f8   Code   RO           14    i.hrs_c_evt_handler  main.o
    0x0001fdd0   0x00000040   Code   RO         1252    i.im_address_resolve  id_manager.o
    0x0001fe10   0x0000002c   Code   RO         1253    i.im_ble_addr_get   id_manager.o
    0x0001fe3c   0x000000a8   Code   RO         1254    i.im_ble_evt_handler  id_manager.o
    0x0001fee4   0x0000002c   Code   RO         1255    i.im_conn_handle_get  id_manager.o
    0x0001ff10   0x00000048   Code   RO         1259    i.im_init           id_manager.o
    0x0001ff58   0x00000038   Code   RO         1260    i.im_is_duplicate_bonding_data  id_manager.o
    0x0001ff90   0x0000001c   Code   RO         1261    i.im_master_id_is_valid  id_manager.o
    0x0001ffac   0x0000002c   Code   RO         1262    i.im_master_ids_compare  id_manager.o
    0x0001ffd8   0x00000008   Code   RO         1263    i.im_new_peer_id    id_manager.o
    0x0001ffe0   0x0000006e   Code   RO         1264    i.im_pdb_evt_handler  id_manager.o
    0x0002004e   0x00000002   PAD
    0x00020050   0x0000002c   Code   RO         1265    i.im_peer_free      id_manager.o
    0x0002007c   0x00000020   Code   RO         1266    i.im_peer_id_get_by_conn_handle  id_manager.o
    0x0002009c   0x00000044   Code   RO         1267    i.im_peer_id_get_by_master_id  id_manager.o
    0x000200e0   0x000000c0   Code   RO         3869    i.init_execute      fds.o
    0x000201a0   0x00000080   Code   RO         4683    i.intern_softdevice_events_execute  softdevice_handler.o
    0x00020220   0x0000001c   Code   RO          708    i.is_conn_params_ok  ble_conn_params.o
    0x0002023c   0x00000044   Code   RO          910    i.is_desc_discovery_reqd  ble_db_discovery.o
    0x00020280   0x00000048   Code   RO         4823    i.is_manual_peripheral_setup_needed  system_nrf51.o
    0x000202c8   0x00000016   Code   RO         1272    i.is_valid_irk      id_manager.o
    0x000202de   0x0000000c   Code   RO         3777    i.is_word_aligned   ecc.o
    0x000202ea   0x0000000c   Code   RO         3870    i.is_word_aligned   fds.o
    0x000202f6   0x00000002   PAD
    0x000202f8   0x00000018   Code   RO          403    i.leds_timer_handler  bsp.o
    0x00020310   0x0000009c   Code   RO         2329    i.link_secure       security_manager.o
    0x000203ac   0x00000088   Code   RO         2218    i.link_secure_central  security_dispatcher.o
    0x00020434   0x000000c6   Code   RO         2219    i.link_secure_central_existing_peer  security_dispatcher.o
    0x000204fa   0x00000002   PAD
    0x000204fc   0x00000074   Code   RO         2220    i.link_secure_central_new_peer  security_dispatcher.o
    0x00020570   0x00000050   Code   RO         2221    i.link_secure_failure  security_dispatcher.o
    0x000205c0   0x0000005c   Code   RO         2330    i.link_secure_pending_process  security_manager.o
    0x0002061c   0x000000ac   Code   RO         3575    i.list_deletions_handler  app_timer.o
    0x000206c8   0x000000bc   Code   RO         3576    i.list_insertions_handler  app_timer.o
    0x00020784   0x00000078   Code   RO         1066    i.local_db_apply_in_evt  gatt_cache_manager.o
    0x000207fc   0x00000078   Code   RO         1067    i.local_db_update_in_evt  gatt_cache_manager.o
    0x00020874   0x00000032   Code   RO         2165    i.lock_by_mask      pm_mutex.o
    0x000208a6   0x00000002   PAD
    0x000208a8   0x00000234   Code   RO           15    i.main              main.o
    0x00020adc   0x00000068   Code   RO          541    i.manuf_specific_data_encode  ble_advdata.o
    0x00020b44   0x0000009e   Code   RO          542    i.name_encode       ble_advdata.o
    0x00020be2   0x00000002   PAD
    0x00020be4   0x0000005c   Code   RO         1273    i.new_connection    id_manager.o
    0x00020c40   0x00000034   Code   RO         1784    i.next_id_get       peer_id.o
    0x00020c74   0x00000010   Code   RO         2783    i.nrf_clock_event_check  nrf_drv_clock.o
    0x00020c84   0x00000030   Code   RO         3577    i.nrf_delay_us      app_timer.o
    0x00020cb4   0x0000003c   Code   RO         2790    i.nrf_drv_clock_init  nrf_drv_clock.o
    0x00020cf0   0x00000034   Code   RO         2796    i.nrf_drv_clock_on_sd_enable  nrf_drv_clock.o
    0x00020d24   0x0000000c   Code   RO         2797    i.nrf_drv_clock_on_soc_event  nrf_drv_clock.o
    0x00020d30   0x00000060   Code   RO         2929    i.nrf_drv_common_irq_enable  nrf_drv_common.o
    0x00020d90   0x00000098   Code   RO         2961    i.nrf_drv_gpiote_in_event_enable  nrf_drv_gpiote.o
    0x00020e28   0x000000a4   Code   RO         2962    i.nrf_drv_gpiote_in_init  nrf_drv_gpiote.o
    0x00020ecc   0x00000014   Code   RO         2963    i.nrf_drv_gpiote_in_is_set  nrf_drv_gpiote.o
    0x00020ee0   0x0000005c   Code   RO         2965    i.nrf_drv_gpiote_init  nrf_drv_gpiote.o
    0x00020f3c   0x00000010   Code   RO         2966    i.nrf_drv_gpiote_is_init  nrf_drv_gpiote.o
    0x00020f4c   0x00000036   Code   RO         3156    i.nrf_drv_rng_block_rand  nrf_drv_rng.o
    0x00020f82   0x00000004   Code   RO         3160    i.nrf_drv_rng_rand  nrf_drv_rng.o
    0x00020f86   0x00000002   PAD
    0x00020f88   0x000000e4   Code   RO         3215    i.nrf_drv_uart_init  nrf_drv_uart.o
    0x0002106c   0x00000034   Code   RO         3221    i.nrf_drv_uart_tx   nrf_drv_uart.o
    0x000210a0   0x0000008c   Code   RO         3223    i.nrf_drv_uart_tx_for_uart  nrf_drv_uart.o
    0x0002112c   0x00000018   Code   RO         3224    i.nrf_drv_uart_tx_in_progress  nrf_drv_uart.o
    0x00021144   0x00000090   Code   RO         3225    i.nrf_drv_uart_uninit  nrf_drv_uart.o
    0x000211d4   0x00000024   Code   RO         2978    i.nrf_gpio_cfg      nrf_drv_gpiote.o
    0x000211f8   0x00000024   Code   RO         3226    i.nrf_gpio_cfg      nrf_drv_uart.o
    0x0002121c   0x00000012   Code   RO         3227    i.nrf_gpio_cfg_default  nrf_drv_uart.o
    0x0002122e   0x00000012   Code   RO         3228    i.nrf_gpio_cfg_input  nrf_drv_uart.o
    0x00021240   0x00000014   Code   RO         3229    i.nrf_gpio_cfg_output  nrf_drv_uart.o
    0x00021254   0x00000020   Code   RO         2980    i.nrf_gpio_cfg_sense_set  nrf_drv_gpiote.o
    0x00021274   0x00000010   Code   RO         2981    i.nrf_gpiote_event_clear  nrf_drv_gpiote.o
    0x00021284   0x00000014   Code   RO         2982    i.nrf_gpiote_event_is_set  nrf_drv_gpiote.o
    0x00021298   0x00000008   Code   RO         4316    i.nrf_log_backend_hexdump_handler_get  nrf_log_backend_serial.o
    0x000212a0   0x00000098   Code   RO         4317    i.nrf_log_backend_init  nrf_log_backend_serial.o
    0x00021338   0x00000122   Code   RO         4318    i.nrf_log_backend_serial_hexdump_handler  nrf_log_backend_serial.o
    0x0002145a   0x000000ea   Code   RO         4319    i.nrf_log_backend_serial_std_handler  nrf_log_backend_serial.o
    0x00021544   0x00000008   Code   RO         4320    i.nrf_log_backend_std_handler_get  nrf_log_backend_serial.o
    0x0002154c   0x0000000a   Code   RO         4417    i.nrf_log_blocking_backend_set  nrf_log_frontend.o
    0x00021556   0x00000002   PAD
    0x00021558   0x0000014c   Code   RO         4418    i.nrf_log_frontend_dequeue  nrf_log_frontend.o
    0x000216a4   0x00000018   Code   RO         4420    i.nrf_log_frontend_init  nrf_log_frontend.o
    0x000216bc   0x00000048   Code   RO         4421    i.nrf_log_frontend_std_0  nrf_log_frontend.o
    0x00021704   0x00000058   Code   RO         4422    i.nrf_log_frontend_std_1  nrf_log_frontend.o
    0x0002175c   0x00000068   Code   RO         4423    i.nrf_log_frontend_std_2  nrf_log_frontend.o
    0x000217c4   0x00000078   Code   RO         4424    i.nrf_log_frontend_std_3  nrf_log_frontend.o
    0x0002183c   0x000000a4   Code   RO         4427    i.nrf_log_frontend_std_6  nrf_log_frontend.o
    0x000218e0   0x0000000c   Code   RO         4429    i.nrf_log_handlers_set  nrf_log_frontend.o
    0x000218ec   0x00000024   Code   RO         4430    i.nrf_log_init      nrf_log_frontend.o
    0x00021910   0x00000050   Code   RO         4431    i.nrf_log_push      nrf_log_frontend.o
    0x00021960   0x0000000a   Code   RO         3230    i.nrf_uart_event_check  nrf_drv_uart.o
    0x0002196a   0x00000010   Code   RO         3231    i.nrf_uart_int_enable_check  nrf_drv_uart.o
    0x0002197a   0x00000002   PAD
    0x0002197c   0x0000002c   Code   RO           16    i.on_adv_evt        main.o
    0x000219a8   0x000002b0   Code   RO           17    i.on_ble_central_evt  main.o
    0x00021c58   0x000001d8   Code   RO           18    i.on_ble_evt        main.o
    0x00021e30   0x00000104   Code   RO           19    i.on_ble_peripheral_evt  main.o
    0x00021f34   0x00000100   Code   RO          911    i.on_characteristic_discovery_rsp  ble_db_discovery.o
    0x00022034   0x000000d4   Code   RO          912    i.on_descriptor_discovery_rsp  ble_db_discovery.o
    0x00022108   0x0000009c   Code   RO         2530    i.on_hvx            ble_hrs_c.o
    0x000221a4   0x00000064   Code   RO         2721    i.on_hvx            ble_custom_c.o
    0x00022208   0x00000054   Code   RO         4145    i.on_operation_success  fstorage.o
    0x0002225c   0x000000e0   Code   RO          913    i.on_primary_srv_discovery_rsp  ble_db_discovery.o
    0x0002233c   0x0000007c   Code   RO          914    i.on_srv_disc_completion  ble_db_discovery.o
    0x000223b8   0x00000078   Code   RO         3871    i.op_enqueue        fds.o
    0x00022430   0x00000012   Code   RO         3872    i.page_offsets_update  fds.o
    0x00022442   0x00000002   PAD
    0x00022444   0x00000058   Code   RO         3873    i.page_scan         fds.o
    0x0002249c   0x0000001c   Code   RO         3874    i.page_tag_write_data  fds.o
    0x000224b8   0x00000024   Code   RO         3875    i.page_tag_write_swap  fds.o
    0x000224dc   0x000000f0   Code   RO         3876    i.pages_init        fds.o
    0x000225cc   0x0000006c   Code   RO         2222    i.pairing_failure   security_dispatcher.o
    0x00022638   0x0000003c   Code   RO         2331    i.params_reply_pending_process  security_manager.o
    0x00022674   0x0000001c   Code   RO         1624    i.pdb_evt_send      peer_database.o
    0x00022690   0x0000004c   Code   RO         1625    i.pdb_init          peer_database.o
    0x000226dc   0x00000008   Code   RO         1627    i.pdb_next_deleted_peer_id_get  peer_database.o
    0x000226e4   0x00000008   Code   RO         1628    i.pdb_next_peer_id_get  peer_database.o
    0x000226ec   0x00000134   Code   RO         1629    i.pdb_pds_evt_handler  peer_database.o
    0x00022820   0x00000008   Code   RO         1630    i.pdb_peer_allocate  peer_database.o
    0x00022828   0x00000010   Code   RO         1631    i.pdb_peer_data_load  peer_database.o
    0x00022838   0x0000000a   Code   RO         1632    i.pdb_peer_data_ptr_get  peer_database.o
    0x00022842   0x0000004a   Code   RO         1633    i.pdb_peer_free     peer_database.o
    0x0002288c   0x0000000c   Code   RO         1634    i.pdb_raw_store     peer_database.o
    0x00022898   0x00000108   Code   RO         1635    i.pdb_write_buf_get  peer_database.o
    0x000229a0   0x0000002a   Code   RO         1636    i.pdb_write_buf_release  peer_database.o
    0x000229ca   0x00000002   PAD
    0x000229cc   0x000000c8   Code   RO         1637    i.pdb_write_buf_store  peer_database.o
    0x00022a94   0x00000068   Code   RO         1638    i.pdb_write_buf_store_prepare  peer_database.o
    0x00022afc   0x0000000c   Code   RO         1472    i.pds_evt_send      peer_data_storage.o
    0x00022b08   0x00000070   Code   RO         1473    i.pds_init          peer_data_storage.o
    0x00022b78   0x00000008   Code   RO         1474    i.pds_next_deleted_peer_id_get  peer_data_storage.o
    0x00022b80   0x00000008   Code   RO         1475    i.pds_next_peer_id_get  peer_data_storage.o
    0x00022b88   0x00000054   Code   RO         1478    i.pds_peer_data_iterate  peer_data_storage.o
    0x00022bdc   0x00000010   Code   RO         1479    i.pds_peer_data_iterate_prepare  peer_data_storage.o
    0x00022bec   0x00000070   Code   RO         1480    i.pds_peer_data_read  peer_data_storage.o
    0x00022c5c   0x000000aa   Code   RO         1481    i.pds_peer_data_store  peer_data_storage.o
    0x00022d06   0x00000002   PAD
    0x00022d08   0x00000010   Code   RO         1482    i.pds_peer_id_allocate  peer_data_storage.o
    0x00022d18   0x00000016   Code   RO         1483    i.pds_peer_id_free  peer_data_storage.o
    0x00022d2e   0x00000008   Code   RO         1484    i.pds_peer_id_is_allocated  peer_data_storage.o
    0x00022d36   0x00000030   Code   RO         1485    i.pds_space_reserve  peer_data_storage.o
    0x00022d66   0x00000010   Code   RO         1486    i.pds_space_reserve_cancel  peer_data_storage.o
    0x00022d76   0x0000000a   Code   RO         1639    i.peer_data_const_point_to_buffer  peer_database.o
    0x00022d80   0x00000080   Code   RO         1487    i.peer_data_delete  peer_data_storage.o
    0x00022e00   0x00000030   Code   RO         1488    i.peer_data_find    peer_data_storage.o
    0x00022e30   0x00000020   Code   RO         1489    i.peer_data_id_is_valid  peer_data_storage.o
    0x00022e50   0x00000014   Code   RO         1640    i.peer_data_point_to_buffer  peer_database.o
    0x00022e64   0x00000010   Code   RO         1785    i.peer_id_allocate  peer_id.o
    0x00022e74   0x00000028   Code   RO         1786    i.peer_id_delete    peer_id.o
    0x00022e9c   0x0000001c   Code   RO         1787    i.peer_id_free      peer_id.o
    0x00022eb8   0x00000010   Code   RO         1788    i.peer_id_get_next_deleted  peer_id.o
    0x00022ec8   0x00000034   Code   RO         1789    i.peer_id_get_next_used  peer_id.o
    0x00022efc   0x00000028   Code   RO         1790    i.peer_id_init      peer_id.o
    0x00022f24   0x00000018   Code   RO         1791    i.peer_id_is_allocated  peer_id.o
    0x00022f3c   0x00000018   Code   RO         1792    i.peer_id_is_deleted  peer_id.o
    0x00022f54   0x0000001c   Code   RO         1274    i.peer_id_set       id_manager.o
    0x00022f70   0x0000000a   Code   RO         1490    i.peer_id_to_file_id  peer_data_storage.o
    0x00022f7a   0x00000002   PAD
    0x00022f7c   0x000000b0   Code   RO           20    i.peer_manager_init  main.o
    0x0002302c   0x00000018   Code   RO         2983    i.pin_in_use_by_port  nrf_drv_gpiote.o
    0x00023044   0x00000018   Code   RO         2984    i.pin_in_use_by_te  nrf_drv_gpiote.o
    0x0002305c   0x0000005e   Code   RO         2133    i.pm_buffer_block_acquire  pm_buffer.o
    0x000230ba   0x00000042   Code   RO         2134    i.pm_buffer_init    pm_buffer.o
    0x000230fc   0x0000002e   Code   RO         2135    i.pm_buffer_ptr_get  pm_buffer.o
    0x0002312a   0x0000002a   Code   RO         2136    i.pm_buffer_release  pm_buffer.o
    0x00023154   0x00000008   Code   RO         1871    i.pm_conn_sec_config_reply  peer_manager.o
    0x0002315c   0x00000018   Code   RO         1873    i.pm_conn_secure    peer_manager.o
    0x00023174   0x00000098   Code   RO           21    i.pm_evt_handler    main.o
    0x0002320c   0x00000080   Code   RO         1875    i.pm_gcm_evt_handler  peer_manager.o
    0x0002328c   0x00000050   Code   RO         1878    i.pm_im_evt_handler  peer_manager.o
    0x000232dc   0x00000070   Code   RO         1879    i.pm_init           peer_manager.o
    0x0002334c   0x00000018   Code   RO         1880    i.pm_lesc_public_key_set  peer_manager.o
    0x00023364   0x00000014   Code   RO         1881    i.pm_local_database_has_changed  peer_manager.o
    0x00023378   0x00000010   Code   RO         2166    i.pm_mutex_init     pm_mutex.o
    0x00023388   0x0000001c   Code   RO         2167    i.pm_mutex_lock     pm_mutex.o
    0x000233a4   0x00000034   Code   RO         2168    i.pm_mutex_lock_first_available  pm_mutex.o
    0x000233d8   0x00000018   Code   RO         2169    i.pm_mutex_lock_status_get  pm_mutex.o
    0x000233f0   0x00000036   Code   RO         2170    i.pm_mutex_unlock   pm_mutex.o
    0x00023426   0x00000002   PAD
    0x00023428   0x00000024   Code   RO         1883    i.pm_on_ble_evt     peer_manager.o
    0x0002344c   0x0000013c   Code   RO         1884    i.pm_pdb_evt_handler  peer_manager.o
    0x00023588   0x00000018   Code   RO         1895    i.pm_peer_delete    peer_manager.o
    0x000235a0   0x000000c0   Code   RO         1898    i.pm_peer_rank_highest  peer_manager.o
    0x00023660   0x000000b0   Code   RO         1899    i.pm_peer_ranks_get  peer_manager.o
    0x00023710   0x0000003c   Code   RO         1900    i.pm_peers_delete   peer_manager.o
    0x0002374c   0x00000030   Code   RO         1903    i.pm_register       peer_manager.o
    0x0002377c   0x00000018   Code   RO         1905    i.pm_sec_params_set  peer_manager.o
    0x00023794   0x0000014c   Code   RO         1906    i.pm_sm_evt_handler  peer_manager.o
    0x000238e0   0x0000002c   Code   RO         4146    i.queue_advance     fstorage.o
    0x0002390c   0x00000038   Code   RO         4147    i.queue_get_next_free  fstorage.o
    0x00023944   0x000000b8   Code   RO         3877    i.queue_process     fds.o
    0x000239fc   0x0000006c   Code   RO         4148    i.queue_process     fstorage.o
    0x00023a68   0x0000001c   Code   RO         3878    i.queue_start       fds.o
    0x00023a84   0x0000001c   Code   RO         4149    i.queue_start       fstorage.o
    0x00023aa0   0x00000010   Code   RO         4684    i.ram_end_address_get  softdevice_handler.o
    0x00023ab0   0x00000084   Code   RO         3879    i.record_find       fds.o
    0x00023b34   0x000000a0   Code   RO         3880    i.record_find_by_desc  fds.o
    0x00023bd4   0x00000054   Code   RO         3881    i.record_find_next  fds.o
    0x00023c28   0x00000024   Code   RO         3882    i.record_header_flag_dirty  fds.o
    0x00023c4c   0x0000000a   Code   RO         1491    i.record_key_to_peer_data_id  peer_data_storage.o
    0x00023c56   0x00000002   PAD
    0x00023c58   0x00000018   Code   RO         1492    i.record_key_within_pm_range  peer_data_storage.o
    0x00023c70   0x0000005c   Code   RO         3883    i.record_write_chunk  fds.o
    0x00023ccc   0x00000038   Code   RO          915    i.registered_handler_get  ble_db_discovery.o
    0x00023d04   0x00000012   Code   RO         1794    i.release           peer_id.o
    0x00023d16   0x00000002   PAD
    0x00023d18   0x00000044   Code   RO         3578    i.rtc1_stop         app_timer.o
    0x00023d5c   0x00000026   Code   RO         3232    i.rx_byte           nrf_drv_uart.o
    0x00023d82   0x00000014   Code   RO         3233    i.rx_done_event     nrf_drv_uart.o
    0x00023d96   0x00000002   PAD
    0x00023d98   0x00000038   Code   RO           22    i.scan_start        main.o
    0x00023dd0   0x00000084   Code   RO         4686    i.sd_nvic_EnableIRQ  softdevice_handler.o
    0x00023e54   0x00000046   Code   RO         4259    i.sdk_mapped_flags_bulk_update_by_key  sdk_mapped_flags.o
    0x00023e9a   0x00000002   PAD
    0x00023e9c   0x00000028   Code   RO         4260    i.sdk_mapped_flags_first_key_index_get  sdk_mapped_flags.o
    0x00023ec4   0x00000010   Code   RO         4261    i.sdk_mapped_flags_get_by_index  sdk_mapped_flags.o
    0x00023ed4   0x00000026   Code   RO         4262    i.sdk_mapped_flags_get_by_key  sdk_mapped_flags.o
    0x00023efa   0x00000046   Code   RO         4263    i.sdk_mapped_flags_key_list_get  sdk_mapped_flags.o
    0x00023f40   0x00000020   Code   RO         4264    i.sdk_mapped_flags_n_flags_set  sdk_mapped_flags.o
    0x00023f60   0x0000000e   Code   RO         4265    i.sdk_mapped_flags_update_by_key  sdk_mapped_flags.o
    0x00023f6e   0x00000002   PAD
    0x00023f70   0x000000b4   Code   RO         2223    i.sec_info_request_process  security_dispatcher.o
    0x00024024   0x00000076   Code   RO         2332    i.sec_params_verify  security_manager.o
    0x0002409a   0x00000002   PAD
    0x0002409c   0x0000004c   Code   RO         2224    i.sec_proc_start    security_dispatcher.o
    0x000240e8   0x0000001c   Code   RO         2225    i.sec_start_send    security_dispatcher.o
    0x00024104   0x00000048   Code   RO         4150    i.send_event        fstorage.o
    0x0002414c   0x00000010   Code   RO         4321    i.serial_is_busy    nrf_log_backend_serial.o
    0x0002415c   0x00000050   Code   RO         4322    i.serial_tx         nrf_log_backend_serial.o
    0x000241ac   0x00000058   Code   RO         1068    i.service_changed_pending_flags_check  gatt_cache_manager.o
    0x00024204   0x00000044   Code   RO         1174    i.service_changed_pending_set  gatts_cache_manager.o
    0x00024248   0x00000098   Code   RO         1069    i.service_changed_send_in_evt  gatt_cache_manager.o
    0x000242e0   0x0000008e   Code   RO          543    i.service_data_encode  ble_advdata.o
    0x0002436e   0x00000002   PAD
    0x00024370   0x0000005c   Code   RO           23    i.services_init     main.o
    0x000243cc   0x00000058   Code   RO          624    i.set_adv_mode_fast  ble_advertising.o
    0x00024424   0x00000054   Code   RO          625    i.set_adv_mode_slow  ble_advertising.o
    0x00024478   0x00000014   Code   RO         2333    i.sm_ble_evt_handler  security_manager.o
    0x0002448c   0x0000001c   Code   RO         2334    i.sm_conn_sec_config_reply  security_manager.o
    0x000244a8   0x00000050   Code   RO         2335    i.sm_init           security_manager.o
    0x000244f8   0x0000000c   Code   RO         2336    i.sm_lesc_public_key_set  security_manager.o
    0x00024504   0x0000000e   Code   RO         2337    i.sm_link_secure    security_manager.o
    0x00024512   0x00000002   PAD
    0x00024514   0x00000034   Code   RO         2338    i.sm_pdb_evt_handler  security_manager.o
    0x00024548   0x00000030   Code   RO         2340    i.sm_sec_params_set  security_manager.o
    0x00024578   0x0000007c   Code   RO         2341    i.sm_smd_evt_handler  security_manager.o
    0x000245f4   0x000000e4   Code   RO         2226    i.smd_ble_evt_handler  security_dispatcher.o
    0x000246d8   0x0000003c   Code   RO         2227    i.smd_init          security_dispatcher.o
    0x00024714   0x00000030   Code   RO         2228    i.smd_link_secure   security_dispatcher.o
    0x00024744   0x00000110   Code   RO         2229    i.smd_params_reply  security_dispatcher.o
    0x00024854   0x00000088   Code   RO         2342    i.smd_params_reply_perform  security_manager.o
    0x000248dc   0x00000034   Code   RO         2230    i.smd_pdb_evt_handler  security_dispatcher.o
    0x00024910   0x00000014   Code   RO         4687    i.softdevice_ble_evt_handler_set  softdevice_handler.o
    0x00024924   0x000000dc   Code   RO         4688    i.softdevice_enable  softdevice_handler.o
    0x00024a00   0x00000028   Code   RO         4689    i.softdevice_enable_get_default_config  softdevice_handler.o
    0x00024a28   0x00000008   Code   RO         4690    i.softdevice_fault_handler  softdevice_handler.o
    0x00024a30   0x00000058   Code   RO         4691    i.softdevice_handler_init  softdevice_handler.o
    0x00024a88   0x0000000c   Code   RO         4692    i.softdevice_handler_is_enabled  softdevice_handler.o
    0x00024a94   0x00000014   Code   RO         4697    i.softdevice_sys_evt_handler_set  softdevice_handler.o
    0x00024aa8   0x00000010   Code   RO           24    i.sys_evt_dispatch  main.o
    0x00024ab8   0x00000084   Code   RO         3579    i.timer_list_handler  app_timer.o
    0x00024b3c   0x00000010   Code   RO         3580    i.timer_list_handler_sched  app_timer.o
    0x00024b4c   0x00000040   Code   RO         3581    i.timer_list_insert  app_timer.o
    0x00024b8c   0x00000048   Code   RO         3582    i.timer_stop_op_schedule  app_timer.o
    0x00024bd4   0x00000080   Code   RO         3583    i.timer_timeouts_check  app_timer.o
    0x00024c54   0x00000030   Code   RO         4323    i.timestamp_process  nrf_log_backend_serial.o
    0x00024c84   0x00000090   Code   RO         2531    i.tx_buffer_process  ble_hrs_c.o
    0x00024d14   0x00000090   Code   RO         2722    i.tx_buffer_process  ble_custom_c.o
    0x00024da4   0x0000001e   Code   RO         3235    i.tx_byte           nrf_drv_uart.o
    0x00024dc2   0x00000018   Code   RO         3236    i.tx_done_event     nrf_drv_uart.o
    0x00024dda   0x00000002   PAD
    0x00024ddc   0x00000010   Code   RO         4324    i.uart_event_handler  nrf_log_backend_serial.o
    0x00024dec   0x00000128   Code   RO         3237    i.uart_irq_handler  nrf_drv_uart.o
    0x00024f14   0x0000000a   Code   RO          544    i.uint16_encode     ble_advdata.o
    0x00024f1e   0x00000002   PAD
    0x00024f20   0x00000064   Code   RO          709    i.update_timeout_handler  ble_conn_params.o
    0x00024f84   0x00000018   Code   RO          786    i.user_flag_is_acquired  ble_conn_state.o
    0x00024f9c   0x0000002c   Code   RO         3584    i.user_op_alloc     app_timer.o
    0x00024fc8   0x00000030   Code   RO          545    i.uuid_list_encode  ble_advdata.o
    0x00024ff8   0x000000ae   Code   RO          546    i.uuid_list_sized_encode  ble_advdata.o
    0x000250a6   0x00000002   PAD
    0x000250a8   0x00000018   Code   RO          626    i.whitelist_has_entries  ble_advertising.o
    0x000250c0   0x00000024   Code   RO         1641    i.write_buf_length_words_set  peer_database.o
    0x000250e4   0x00000024   Code   RO         1642    i.write_buffer_record_find  peer_database.o
    0x00025108   0x00000028   Code   RO         1643    i.write_buffer_record_find_next  peer_database.o
    0x00025130   0x00000022   Code   RO         1644    i.write_buffer_record_invalidate  peer_database.o
    0x00025152   0x00000002   PAD
    0x00025154   0x00000028   Code   RO         1645    i.write_buffer_record_release  peer_database.o
    0x0002517c   0x00000118   Code   RO         3884    i.write_enqueue     fds.o
    0x00025294   0x000000ec   Code   RO         3885    i.write_execute     fds.o
    0x00025380   0x00000014   Code   RO         3886    i.write_space_free  fds.o
    0x00025394   0x0000004c   Code   RO         3887    i.write_space_reserve  fds.o
    0x000253e0   0x00000020   Data   RO           27    .constdata          main.o
    0x00025400   0x0000003c   Data   RO          408    .constdata          bsp.o
    0x0002543c   0x00000004   Data   RO          712    .constdata          ble_conn_params.o
    0x00025440   0x00000004   Data   RO         1175    .constdata          gatts_cache_manager.o
    0x00025444   0x00000010   Data   RO         1176    .constdata          gatts_cache_manager.o
    0x00025454   0x00000004   Data   RO         1177    .constdata          gatts_cache_manager.o
    0x00025458   0x00000008   Data   RO         1277    .constdata          id_manager.o
    0x00025460   0x00000004   Data   RO         1493    .constdata          peer_data_storage.o
    0x00025464   0x00000014   Data   RO         1647    .constdata          peer_database.o
    0x00025478   0x00000010   Data   RO         1910    .constdata          peer_manager.o
    0x00025488   0x00000044   Data   RO         2232    .constdata          security_dispatcher.o
    0x000254cc   0x00000004   Data   RO         2343    .constdata          security_manager.o
    0x000254d0   0x00000008   Data   RO         3384    .constdata          app_button.o
    0x000254d8   0x00000014   Data   RO         3889    .constdata          fds.o
    0x000254ec   0x00000020   Data   RO         4326    .constdata          nrf_log_backend_serial.o
    0x0002550c   0x00000024   Data   RO         4433    .constdata          nrf_log_frontend.o
    0x00025530   0x00000139   Data   RO           28    .conststring        main.o
    0x00025669   0x00000003   PAD
    0x0002566c   0x0000012a   Data   RO          917    .conststring        ble_db_discovery.o
    0x00025796   0x00000002   PAD
    0x00025798   0x00000104   Data   RO         2533    .conststring        ble_hrs_c.o
    0x0002589c   0x0000014d   Data   RO         2724    .conststring        ble_custom_c.o
    0x000259e9   0x00000003   PAD
    0x000259ec   0x0000000b   Data   RO         4434    .conststring        nrf_log_frontend.o
    0x000259f7   0x00000001   PAD
    0x000259f8   0x00000045   Data   RO         4698    .conststring        softdevice_handler.o
    0x00025a3d   0x00000003   PAD
    0x00025a40   0x000000b0   Data   RO         4939    .rodata.curve_secp256r1  micro_ecc_lib_nrf51.lib(micro_ecc_lib_uECC.c.o)
    0x00025af0   0x00000020   Data   RO         5295    Region$$Table       anon$$obj.o


    Execution Region RW_IRAM1 (Base: 0x20003698, Size: 0x00002bf0, Max: 0x00004968, ABSOLUTE, COMPRESSED[0x00000060])

    Base Addr    Size         Type   Attr      Idx    E Section Name        Object

    0x20003698   0x00000030   Data   RW           29    .data               main.o
    0x200036c8   0x00000018   Data   RW          409    .data               bsp.o
    0x200036e0   0x00000008   Data   RW          502    .data               bsp_btn_ble.o
    0x200036e8   0x00000030   Data   RW          630    .data               ble_advertising.o
    0x20003718   0x00000014   Data   RW          713    .data               ble_conn_params.o
    0x2000372c   0x00000010   Data   RW          918    .data               ble_db_discovery.o
    0x2000373c   0x0000000c   Data   RW         1070    .data               gatt_cache_manager.o
    0x20003748   0x0000000c   Data   RW         1178    .data               gatts_cache_manager.o
    0x20003754   0x0000000a   Data   RW         1278    .data               id_manager.o
    0x2000375e   0x00000002   PAD
    0x20003760   0x0000000c   Data   RW         1494    .data               peer_data_storage.o
    0x2000376c   0x00000008   Data   RW         1648    .data               peer_database.o
    0x20003774   0x00000010   Data   RW         1911    .data               peer_manager.o
    0x20003784   0x00000004   Data   RW         2233    .data               security_dispatcher.o
    0x20003788   0x00000015   Data   RW         2344    .data               security_manager.o
    0x2000379d   0x00000003   PAD
    0x200037a0   0x00000008   Data   RW         2534    .data               ble_hrs_c.o
    0x200037a8   0x00000008   Data   RW         2725    .data               ble_custom_c.o
    0x200037b0   0x00000014   Data   RW         3385    .data               app_button.o
    0x200037c4   0x00000020   Data   RW         3585    .data               app_timer.o
    0x200037e4   0x0000000c   Data   RW         3712    .data               app_util_platform.o
    0x200037f0   0x00000018   Data   RW         3890    .data               fds.o
    0x20003808   0x00000002   Data   RW         4152    .data               fstorage.o
    0x2000380a   0x00000002   PAD
    0x2000380c   0x0000000c   Data   RW         4327    .data               nrf_log_backend_serial.o
    0x20003818   0x00000004   Data   RW         4435    .data               nrf_log_frontend.o
    0x2000381c   0x00000014   Data   RW         4699    .data               softdevice_handler.o
    0x20003830   0x00000004   Data   RW         4824    .data               system_nrf51.o
    0x20003834   0x00000010   Data   RW         3891    fs_data             fds.o
    0x20003844   0x00000b98   Zero   RW           26    .bss                main.o
    0x200043dc   0x00000020   Zero   RW          404    .bss                bsp.o
    0x200043fc   0x00000020   Zero   RW          405    .bss                bsp.o
    0x2000441c   0x0000000c   Zero   RW          406    .bss                bsp.o
    0x20004428   0x00000020   Zero   RW          407    .bss                bsp.o
    0x20004448   0x00000167   Zero   RW          627    .bss                ble_advertising.o
    0x200045af   0x00000001   PAD
    0x200045b0   0x00000020   Zero   RW          628    .bss                ble_advertising.o
    0x200045d0   0x00000020   Zero   RW          629    .bss                ble_advertising.o
    0x200045f0   0x00000020   Zero   RW          710    .bss                ble_conn_params.o
    0x20004610   0x0000001c   Zero   RW          711    .bss                ble_conn_params.o
    0x2000462c   0x00000034   Zero   RW          787    .bss                ble_conn_state.o
    0x20004660   0x000001f8   Zero   RW          916    .bss                ble_db_discovery.o
    0x20004858   0x00000070   Zero   RW         1276    .bss                id_manager.o
    0x200048c8   0x00000330   Zero   RW         1646    .bss                peer_database.o
    0x20004bf8   0x00000040   Zero   RW         1795    .bss                peer_id.o
    0x20004c38   0x0000000c   Zero   RW         1909    .bss                peer_manager.o
    0x20004c44   0x00000040   Zero   RW         2231    .bss                security_dispatcher.o
    0x20004c84   0x000000a0   Zero   RW         2532    .bss                ble_hrs_c.o
    0x20004d24   0x000000a0   Zero   RW         2723    .bss                ble_custom_c.o
    0x20004dc4   0x00000014   Zero   RW         2799    .bss                nrf_drv_clock.o
    0x20004dd8   0x00000048   Zero   RW         2985    .bss                nrf_drv_gpiote.o
    0x20004e20   0x0000001c   Zero   RW         3238    .bss                nrf_drv_uart.o
    0x20004e3c   0x00000020   Zero   RW         3383    .bss                app_button.o
    0x20004e5c   0x0000011c   Zero   RW         3888    .bss                fds.o
    0x20004f78   0x00000068   Zero   RW         4151    .bss                fstorage.o
    0x20004fe0   0x00000200   Zero   RW         4325    .bss                nrf_log_backend_serial.o
    0x200051e0   0x00000418   Zero   RW         4432    .bss                nrf_log_frontend.o
    0x200055f8   0x00000488   Zero   RW         4560    .bss                segger_rtt.o
    0x20005a80   0x00000004   Zero   RW         4942    .bss.g_rng_function  micro_ecc_lib_nrf51.lib(micro_ecc_lib_uECC.c.o)
    0x20005a84   0x00000004   PAD
    0x20005a88   0x00000800   Zero   RW         4812    STACK               arm_startup_nrf51.o


==============================================================================

Image component sizes


      Code (inc. data)   RO Data    RW Data    ZI Data      Debug   Object Name

       328         34          8         20         32       9234   app_button.o
        24          4          0          0          0       2269   app_error.o
        72         32          0          0          0       7150   app_error_weak.o
      1608        158          0         32          0      32023   app_timer.o
       104         20          0         12          0       6574   app_util_platform.o
        56         18        192          0       2048        736   arm_startup_nrf51.o
      1368          6          0          0          0      19156   ble_advdata.o
      1048         68          0         48        423      10305   ble_advertising.o
       460         60          4         20         60       5776   ble_conn_params.o
       552         56          0          0         52      10553   ble_conn_state.o
       686        154        333          8        160       9096   ble_custom_c.o
      1630        182        298         16        504      16031   ble_db_discovery.o
       710         22          0          0          0       7598   ble_hrs.o
       750        220        260          8        160      12713   ble_hrs_c.o
        14          0          0          0          0       1486   ble_srv_common.o
      1000        102         60         24        108       8964   bsp.o
       144          4          0          8          0       3435   bsp_btn_ble.o
       196          6          0          0          0       5927   ecc.o
      3622        376         20         40        284      46546   fds.o
       980         82          0          2        104      13087   fstorage.o
      1044         80          0         12          0      16248   gatt_cache_manager.o
       532         66         24         12          0       9491   gatts_cache_manager.o
      1174         92          8         10        112      20977   id_manager.o
      3738       1130        345         48       2968     134707   main.o
       264         36          0          0         20      16600   nrf_drv_clock.o
        96         18          0          0          0       8744   nrf_drv_common.o
      1048        120          0          0         72      23580   nrf_drv_gpiote.o
        58          0          0          0          0       3666   nrf_drv_rng.o
      1134         54          0          0         28      27357   nrf_drv_uart.o
       870         76         32         12        512      17003   nrf_log_backend_serial.o
      1274         96         47          4       1048      15846   nrf_log_frontend.o
      1202         64          4         12          0      19328   peer_data_storage.o
      1374         72         20          8        816      24824   peer_database.o
       370         60          0          0         64       9215   peer_id.o
      1644        142         16         16         12      19781   peer_manager.o
       248          0          0          0          0       4447   pm_buffer.o
       224          0          0          0          0       5429   pm_mutex.o
       280          6          0          0          0       7199   sdk_mapped_flags.o
      1836        104         68          4         64      20780   security_dispatcher.o
      1112         86          4         21          0      18374   security_manager.o
       454         46          0          0       1160       9396   segger_rtt.o
       744        208         69         20          0      21588   softdevice_handler.o
       232         36          0          4          0       2467   system_nrf51.o

    ----------------------------------------------------------------------
     36388       4196       1856        428      10812     685706   Object Totals
         0          0         32          0          0          0   (incl. Generated)
        84          0         12          7          1          0   (incl. Padding)

    ----------------------------------------------------------------------

      Code (inc. data)   RO Data    RW Data    ZI Data      Debug   Library Member Name

        86          0          0          0          0          0   __dczerorl2.o
         0          0          0          0          0          0   entry.o
         0          0          0          0          0          0   entry10a.o
         0          0          0          0          0          0   entry11a.o
         8          4          0          0          0          0   entry2.o
         4          0          0          0          0          0   entry5.o
         0          0          0          0          0          0   entry7b.o
         0          0          0          0          0          0   entry8b.o
         8          4          0          0          0          0   entry9a.o
        30          0          0          0          0          0   handlers.o
        36          8          0          0          0         68   init.o
        32          0          0          0          0         68   llshl.o
        34          0          0          0          0         68   llushr.o
        26          0          0          0          0         72   memcmp.o
        64          0          0          0          0         68   memmovea.o
        36          0          0          0          0        100   memseta.o
      1190         48          0          0          0        384   printf8.o
        18          0          0          0          0         60   strcpy.o
        14          0          0          0          0         60   strlen.o
        44          0          0          0          0         72   uidiv.o
        96          0          0          0          0         84   uldiv.o
      3622         32        176          0          4      62753   micro_ecc_lib_uECC.c.o

    ----------------------------------------------------------------------
      5372        104        176          0          8      63857   Library Totals
        24          8          0          0          4          0   (incl. Padding)

    ----------------------------------------------------------------------

      Code (inc. data)   RO Data    RW Data    ZI Data      Debug   Library Name

      1726         64          0          0          0       1104   mc_p.l
      3622         32        176          0          4      62753   micro_ecc_lib_nrf51.lib

    ----------------------------------------------------------------------
      5372        104        176          0          8      63857   Library Totals

    ----------------------------------------------------------------------

==============================================================================


      Code (inc. data)   RO Data    RW Data    ZI Data      Debug   

     41760       4300       2032        428      10820     729899   Grand Totals
     41760       4300       2032         96      10820     729899   ELF Image Totals (compressed)
     41760       4300       2032         96          0          0   ROM Totals

==============================================================================

    Total RO  Size (Code + RO Data)                43792 (  42.77kB)
    Total RW  Size (RW Data + ZI Data)             11248 (  10.98kB)
    Total ROM Size (Code + RO Data + RW Data)      43888 (  42.86kB)

==============================================================================

